-- Found ament_cmake: 2.5.6 (/opt/ros/jazzy/share/ament_cmake/cmake)
-- Found rclcpp: 28.1.18 (/opt/ros/jazzy/share/rclcpp/cmake)
-- Found rosidl_generator_c: 4.6.7 (/opt/ros/jazzy/share/rosidl_generator_c/cmake)
-- Found rosidl_generator_cpp: 4.6.7 (/opt/ros/jazzy/share/rosidl_generator_cpp/cmake)
-- Using all available rosidl_typesupport_c: rosidl_typesupport_fastrtps_c;rosidl_typesupport_introspection_c
-- Using all available rosidl_typesupport_cpp: rosidl_typesupport_fastrtps_cpp;rosidl_typesupport_introspection_cpp
-- Found rmw_implementation_cmake: 7.3.3 (/opt/ros/jazzy/share/rmw_implementation_cmake/cmake)
-- Found rmw_fastrtps_cpp: 8.4.3 (/opt/ros/jazzy/share/rmw_fastrtps_cpp/cmake)
-- Using RMW implementation 'rmw_fastrtps_cpp' as default
-- Found sensor_msgs: 5.3.7 (/opt/ros/jazzy/share/sensor_msgs/cmake)
-- Found visualization_msgs: 5.3.7 (/opt/ros/jazzy/share/visualization_msgs/cmake)
-- Found pcl_conversions: 2.6.4 (/opt/ros/jazzy/share/pcl_conversions/cmake)
-- Found flann version 1.9.2
-- OpenNI found (version: 1.5.4.0, include: /usr/include/ni, lib: /usr/lib/libOpenNI.so;libusb::libusb)
-- OpenNI2 found (version: 2.2.0.33, include: /usr/include/openni2, lib: /usr/lib/x86_64-linux-gnu/libOpenNI2.so;libusb::libusb)
-- OpenNI found (version: 1.5.4.0, include: /usr/include/ni, lib: /usr/lib/libOpenNI.so;libusb::libusb)
-- OpenNI2 found (version: 2.2.0.33, include: /usr/include/openni2, lib: /usr/lib/x86_64-linux-gnu/libOpenNI2.so;libusb::libusb)
-- Found Qhull version 8.0.2
-- OpenNI found (version: 1.5.4.0, include: /usr/include/ni, lib: /usr/lib/libOpenNI.so;libusb::libusb)
-- Configuring done (3.8s)
-- Generating done (0.0s)
-- Build files have been written to: /home/linfu/ros2_ws/build/cone_detector
[ 50%] [32mBuilding CXX object CMakeFiles/cone_detector_node.dir/src/cone_detector_node.cpp.o[0m
[100%] [32m[1mLinking CXX executable cone_detector_node[0m
[100%] Built target cone_detector_node
-- Install configuration: ""
-- Installing: /home/linfu/ros2_ws/install/cone_detector/lib/cone_detector/cone_detector_node
-- Set non-toolchain portion of runtime path of "/home/linfu/ros2_ws/install/cone_detector/lib/cone_detector/cone_detector_node" to ""
-- Up-to-date: /home/linfu/ros2_ws/install/cone_detector/share/cone_detector/launch
-- Installing: /home/linfu/ros2_ws/install/cone_detector/share/cone_detector/launch/cone_detector.launch.py
-- Up-to-date: /home/linfu/ros2_ws/install/cone_detector/share/cone_detector/config
-- Up-to-date: /home/linfu/ros2_ws/install/cone_detector/share/cone_detector/config/params.yaml
-- Up-to-date: /home/linfu/ros2_ws/install/cone_detector/share/ament_index/resource_index/package_run_dependencies/cone_detector
-- Installing: /home/linfu/ros2_ws/install/cone_detector/share/ament_index/resource_index/parent_prefix_path/cone_detector
-- Up-to-date: /home/linfu/ros2_ws/install/cone_detector/share/cone_detector/environment/ament_prefix_path.sh
-- Up-to-date: /home/linfu/ros2_ws/install/cone_detector/share/cone_detector/environment/ament_prefix_path.dsv
-- Up-to-date: /home/linfu/ros2_ws/install/cone_detector/share/cone_detector/environment/path.sh
-- Up-to-date: /home/linfu/ros2_ws/install/cone_detector/share/cone_detector/environment/path.dsv
-- Up-to-date: /home/linfu/ros2_ws/install/cone_detector/share/cone_detector/local_setup.bash
-- Up-to-date: /home/linfu/ros2_ws/install/cone_detector/share/cone_detector/local_setup.sh
-- Up-to-date: /home/linfu/ros2_ws/install/cone_detector/share/cone_detector/local_setup.zsh
-- Up-to-date: /home/linfu/ros2_ws/install/cone_detector/share/cone_detector/local_setup.dsv
-- Installing: /home/linfu/ros2_ws/install/cone_detector/share/cone_detector/package.dsv
-- Up-to-date: /home/linfu/ros2_ws/install/cone_detector/share/ament_index/resource_index/packages/cone_detector
-- Up-to-date: /home/linfu/ros2_ws/install/cone_detector/share/cone_detector/cmake/cone_detectorConfig.cmake
-- Up-to-date: /home/linfu/ros2_ws/install/cone_detector/share/cone_detector/cmake/cone_detectorConfig-version.cmake
-- Up-to-date: /home/linfu/ros2_ws/install/cone_detector/share/cone_detector/package.xml
