[0.012s] Invoking command in '/home/linfu/ros2_ws/build/rslidar_sdk': AMENT_PREFIX_PATH=/home/linfu/ros2_ws/install/rslidar_msg:${AMENT_PREFIX_PATH} CMAKE_PREFIX_PATH=/home/linfu/ros2_ws/install/rslidar_msg:/home/linfu/catkin_ws/install/rslidar_sdk:/home/linfu/catkin_ws/install/rslidar_msg:/opt/ros/jazzy/opt/gz_math_vendor:/opt/ros/jazzy/opt/gz_utils_vendor:/opt/ros/jazzy/opt/gz_cmake_vendor:/opt/ros/jazzy DEBUGINFOD_URLS=https://debuginfod.ubuntu.com LD_LIBRARY_PATH=/home/linfu/ros2_ws/install/rslidar_msg/lib:${LD_LIBRARY_PATH} PYTHONPATH=/home/linfu/ros2_ws/install/rslidar_msg/lib/python3.12/site-packages:${PYTHONPATH} /usr/bin/cmake /home/linfu/ros2_ws/src/rslidar_sdk -DCMAKE_INSTALL_PREFIX=/home/linfu/ros2_ws/install/rslidar_sdk
[0.103s] -- The C compiler identification is GNU 13.3.0
[0.196s] -- The CXX compiler identification is GNU 13.3.0
[0.226s] -- Detecting C compiler ABI info
[0.369s] -- Detecting C compiler ABI info - done
[0.383s] -- Check for working C compiler: /usr/bin/cc - skipped
[0.383s] -- Detecting C compile features
[0.383s] -- Detecting C compile features - done
[0.399s] -- Detecting CXX compiler ABI info
[0.550s] -- Detecting CXX compiler ABI info - done
[0.564s] -- Check for working CXX compiler: /usr/bin/c++ - skipped
[0.564s] -- Detecting CXX compile features
[0.564s] -- Detecting CXX compile features - done
[0.565s] [0m=============================================================[0m
[0.565s] [0m-- POINT_TYPE is XYZI[0m
[0.566s] [0m=============================================================[0m
[0.577s] [0m=============================================================[0m
[0.578s] [0m-- ROS Not Found. ROS Support is turned Off.[0m
[0.578s] [0m=============================================================[0m
[0.769s] -- Found Python3: /usr/bin/python3 (found version "3.12.3") found components: Interpreter 
[0.959s] -- Found rosidl_generator_c: 4.6.7 (/opt/ros/jazzy/share/rosidl_generator_c/cmake)
[0.974s] -- Found rosidl_generator_cpp: 4.6.7 (/opt/ros/jazzy/share/rosidl_generator_cpp/cmake)
[0.992s] -- Using all available rosidl_typesupport_c: rosidl_typesupport_fastrtps_c;rosidl_typesupport_introspection_c
[1.013s] -- Using all available rosidl_typesupport_cpp: rosidl_typesupport_fastrtps_cpp;rosidl_typesupport_introspection_cpp
[1.107s] -- Found rmw_implementation_cmake: 7.3.3 (/opt/ros/jazzy/share/rmw_implementation_cmake/cmake)
[1.110s] -- Found rmw_fastrtps_cpp: 8.4.3 (/opt/ros/jazzy/share/rmw_fastrtps_cpp/cmake)
[1.219s] -- Found OpenSSL: /usr/lib/x86_64-linux-gnu/libcrypto.so (found version "3.0.13")  
[1.248s] -- Found FastRTPS: /opt/ros/jazzy/include (Required is at least version "2.13") 
[1.285s] -- Using RMW implementation 'rmw_fastrtps_cpp' as default
[1.388s] [0m=============================================================[0m
[1.388s] [0m-- ROS2 Found. ROS2 Support is turned On.[0m
[1.388s] [0m=============================================================[0m
[1.390s] -- Found sensor_msgs: 5.3.7 (/opt/ros/jazzy/share/sensor_msgs/cmake)
[1.475s] -- Found rslidar_msg: 0.0.0 (/home/linfu/ros2_ws/install/rslidar_msg/share/rslidar_msg/cmake)
[1.505s] [0m=============================================================[0m
[1.505s] [0m-- CMake run for UNIX GNU Compiler[0m
[1.506s] [0m=============================================================[0m
[1.506s] [0m=============================================================[0m
[1.506s] [0m-- rs_driver Version : v1.5.19[0m
[1.506s] [0m=============================================================[0m
[1.658s] -- Configuring done (1.6s)
[1.676s] -- Generating done (0.0s)
[1.681s] -- Build files have been written to: /home/linfu/ros2_ws/build/rslidar_sdk
[1.701s] Invoked command in '/home/linfu/ros2_ws/build/rslidar_sdk' returned '0': AMENT_PREFIX_PATH=/home/linfu/ros2_ws/install/rslidar_msg:${AMENT_PREFIX_PATH} CMAKE_PREFIX_PATH=/home/linfu/ros2_ws/install/rslidar_msg:/home/linfu/catkin_ws/install/rslidar_sdk:/home/linfu/catkin_ws/install/rslidar_msg:/opt/ros/jazzy/opt/gz_math_vendor:/opt/ros/jazzy/opt/gz_utils_vendor:/opt/ros/jazzy/opt/gz_cmake_vendor:/opt/ros/jazzy DEBUGINFOD_URLS=https://debuginfod.ubuntu.com LD_LIBRARY_PATH=/home/linfu/ros2_ws/install/rslidar_msg/lib:${LD_LIBRARY_PATH} PYTHONPATH=/home/linfu/ros2_ws/install/rslidar_msg/lib/python3.12/site-packages:${PYTHONPATH} /usr/bin/cmake /home/linfu/ros2_ws/src/rslidar_sdk -DCMAKE_INSTALL_PREFIX=/home/linfu/ros2_ws/install/rslidar_sdk
[1.702s] Invoking command in '/home/linfu/ros2_ws/build/rslidar_sdk': AMENT_PREFIX_PATH=/home/linfu/ros2_ws/install/rslidar_msg:${AMENT_PREFIX_PATH} CMAKE_PREFIX_PATH=/home/linfu/ros2_ws/install/rslidar_msg:/home/linfu/catkin_ws/install/rslidar_sdk:/home/linfu/catkin_ws/install/rslidar_msg:/opt/ros/jazzy/opt/gz_math_vendor:/opt/ros/jazzy/opt/gz_utils_vendor:/opt/ros/jazzy/opt/gz_cmake_vendor:/opt/ros/jazzy DEBUGINFOD_URLS=https://debuginfod.ubuntu.com LD_LIBRARY_PATH=/home/linfu/ros2_ws/install/rslidar_msg/lib:${LD_LIBRARY_PATH} PYTHONPATH=/home/linfu/ros2_ws/install/rslidar_msg/lib/python3.12/site-packages:${PYTHONPATH} /usr/bin/cmake --build /home/linfu/ros2_ws/build/rslidar_sdk -- -j20 -l20
[1.787s] [ 66%] [32mBuilding CXX object CMakeFiles/rslidar_sdk_node.dir/src/manager/node_manager.cpp.o[0m
[1.787s] [ 66%] [32mBuilding CXX object CMakeFiles/rslidar_sdk_node.dir/node/rslidar_sdk_node.cpp.o[0m
[31.385s] [100%] [32m[1mLinking CXX executable rslidar_sdk_node[0m
[31.673s] [100%] Built target rslidar_sdk_node
[31.690s] Invoked command in '/home/linfu/ros2_ws/build/rslidar_sdk' returned '0': AMENT_PREFIX_PATH=/home/linfu/ros2_ws/install/rslidar_msg:${AMENT_PREFIX_PATH} CMAKE_PREFIX_PATH=/home/linfu/ros2_ws/install/rslidar_msg:/home/linfu/catkin_ws/install/rslidar_sdk:/home/linfu/catkin_ws/install/rslidar_msg:/opt/ros/jazzy/opt/gz_math_vendor:/opt/ros/jazzy/opt/gz_utils_vendor:/opt/ros/jazzy/opt/gz_cmake_vendor:/opt/ros/jazzy DEBUGINFOD_URLS=https://debuginfod.ubuntu.com LD_LIBRARY_PATH=/home/linfu/ros2_ws/install/rslidar_msg/lib:${LD_LIBRARY_PATH} PYTHONPATH=/home/linfu/ros2_ws/install/rslidar_msg/lib/python3.12/site-packages:${PYTHONPATH} /usr/bin/cmake --build /home/linfu/ros2_ws/build/rslidar_sdk -- -j20 -l20
[31.692s] Invoking command in '/home/linfu/ros2_ws/build/rslidar_sdk': AMENT_PREFIX_PATH=/home/linfu/ros2_ws/install/rslidar_msg:${AMENT_PREFIX_PATH} CMAKE_PREFIX_PATH=/home/linfu/ros2_ws/install/rslidar_msg:/home/linfu/catkin_ws/install/rslidar_sdk:/home/linfu/catkin_ws/install/rslidar_msg:/opt/ros/jazzy/opt/gz_math_vendor:/opt/ros/jazzy/opt/gz_utils_vendor:/opt/ros/jazzy/opt/gz_cmake_vendor:/opt/ros/jazzy DEBUGINFOD_URLS=https://debuginfod.ubuntu.com LD_LIBRARY_PATH=/home/linfu/ros2_ws/install/rslidar_msg/lib:${LD_LIBRARY_PATH} PYTHONPATH=/home/linfu/ros2_ws/install/rslidar_msg/lib/python3.12/site-packages:${PYTHONPATH} /usr/bin/cmake --install /home/linfu/ros2_ws/build/rslidar_sdk
[31.703s] -- Install configuration: "Release"
[31.703s] -- Installing: /home/linfu/ros2_ws/install/rslidar_sdk/lib/rslidar_sdk/rslidar_sdk_node
[31.704s] -- Set non-toolchain portion of runtime path of "/home/linfu/ros2_ws/install/rslidar_sdk/lib/rslidar_sdk/rslidar_sdk_node" to ""
[31.705s] -- Installing: /home/linfu/ros2_ws/install/rslidar_sdk/share/rslidar_sdk/launch
[31.705s] -- Installing: /home/linfu/ros2_ws/install/rslidar_sdk/share/rslidar_sdk/launch/start.py
[31.705s] -- Installing: /home/linfu/ros2_ws/install/rslidar_sdk/share/rslidar_sdk/launch/elequent_start.py
[31.705s] -- Installing: /home/linfu/ros2_ws/install/rslidar_sdk/share/rslidar_sdk/launch/humble_start.py
[31.705s] -- Installing: /home/linfu/ros2_ws/install/rslidar_sdk/share/rslidar_sdk/launch/start.launch
[31.706s] -- Installing: /home/linfu/ros2_ws/install/rslidar_sdk/share/rslidar_sdk/rviz
[31.706s] -- Installing: /home/linfu/ros2_ws/install/rslidar_sdk/share/rslidar_sdk/rviz/rviz2.rviz
[31.706s] -- Installing: /home/linfu/ros2_ws/install/rslidar_sdk/share/rslidar_sdk/rviz/rviz.rviz
[31.706s] -- Installing: /home/linfu/ros2_ws/install/rslidar_sdk/share/ament_index/resource_index/package_run_dependencies/rslidar_sdk
[31.706s] -- Installing: /home/linfu/ros2_ws/install/rslidar_sdk/share/ament_index/resource_index/parent_prefix_path/rslidar_sdk
[31.706s] -- Installing: /home/linfu/ros2_ws/install/rslidar_sdk/share/rslidar_sdk/environment/ament_prefix_path.sh
[31.707s] -- Installing: /home/linfu/ros2_ws/install/rslidar_sdk/share/rslidar_sdk/environment/ament_prefix_path.dsv
[31.707s] -- Installing: /home/linfu/ros2_ws/install/rslidar_sdk/share/rslidar_sdk/environment/path.sh
[31.707s] -- Installing: /home/linfu/ros2_ws/install/rslidar_sdk/share/rslidar_sdk/environment/path.dsv
[31.707s] -- Installing: /home/linfu/ros2_ws/install/rslidar_sdk/share/rslidar_sdk/local_setup.bash
[31.707s] -- Installing: /home/linfu/ros2_ws/install/rslidar_sdk/share/rslidar_sdk/local_setup.sh
[31.707s] -- Installing: /home/linfu/ros2_ws/install/rslidar_sdk/share/rslidar_sdk/local_setup.zsh
[31.707s] -- Installing: /home/linfu/ros2_ws/install/rslidar_sdk/share/rslidar_sdk/local_setup.dsv
[31.707s] -- Installing: /home/linfu/ros2_ws/install/rslidar_sdk/share/rslidar_sdk/package.dsv
[31.708s] -- Installing: /home/linfu/ros2_ws/install/rslidar_sdk/share/ament_index/resource_index/packages/rslidar_sdk
[31.708s] -- Installing: /home/linfu/ros2_ws/install/rslidar_sdk/share/rslidar_sdk/cmake/rslidar_sdkConfig.cmake
[31.708s] -- Installing: /home/linfu/ros2_ws/install/rslidar_sdk/share/rslidar_sdk/cmake/rslidar_sdkConfig-version.cmake
[31.708s] -- Installing: /home/linfu/ros2_ws/install/rslidar_sdk/share/rslidar_sdk/package.xml
[31.710s] Invoked command in '/home/linfu/ros2_ws/build/rslidar_sdk' returned '0': AMENT_PREFIX_PATH=/home/linfu/ros2_ws/install/rslidar_msg:${AMENT_PREFIX_PATH} CMAKE_PREFIX_PATH=/home/linfu/ros2_ws/install/rslidar_msg:/home/linfu/catkin_ws/install/rslidar_sdk:/home/linfu/catkin_ws/install/rslidar_msg:/opt/ros/jazzy/opt/gz_math_vendor:/opt/ros/jazzy/opt/gz_utils_vendor:/opt/ros/jazzy/opt/gz_cmake_vendor:/opt/ros/jazzy DEBUGINFOD_URLS=https://debuginfod.ubuntu.com LD_LIBRARY_PATH=/home/linfu/ros2_ws/install/rslidar_msg/lib:${LD_LIBRARY_PATH} PYTHONPATH=/home/linfu/ros2_ws/install/rslidar_msg/lib/python3.12/site-packages:${PYTHONPATH} /usr/bin/cmake --install /home/linfu/ros2_ws/build/rslidar_sdk
