[0.009s] Invoking command in '/home/linfu/ros2_ws/build/rslidar_msg': CMAKE_PREFIX_PATH=${CMAKE_PREFIX_PATH}:/opt/ros/jazzy DEBUGINFOD_URLS=https://debuginfod.ubuntu.com /usr/bin/cmake --build /home/linfu/ros2_ws/build/rslidar_msg -- -j20 -l20
[0.061s] [  5%] Built target rslidar_msg__rs
[0.061s] [  5%] Built target rslidar_msg__rosidl_generator_type_description
[0.070s] [  5%] Built target ament_cmake_python_copy_rslidar_msg
[0.078s] [ 11%] Built target rslidar_msg__cpp
[0.078s] [ 22%] Built target rslidar_msg__rosidl_generator_c
[0.095s] [ 48%] Built target rslidar_msg__rosidl_typesupport_c
[0.096s] [ 48%] Built target rslidar_msg__rosidl_typesupport_introspection_c
[0.096s] [ 48%] Built target rslidar_msg__rosidl_typesupport_fastrtps_c
[0.098s] [ 57%] Built target rslidar_msg__rosidl_typesupport_cpp
[0.099s] [ 65%] Built target rslidar_msg__rosidl_typesupport_introspection_cpp
[0.100s] [ 74%] Built target rslidar_msg__rosidl_typesupport_fastrtps_cpp
[0.122s] [ 74%] Built target rslidar_msg
[0.143s] [ 77%] Built target rslidar_msg__py
[0.168s] [ 82%] Built target rslidar_msg__rosidl_generator_py
[0.190s] [ 88%] Built target rslidar_msg_s__rosidl_typesupport_introspection_c
[0.193s] [100%] Built target rslidar_msg_s__rosidl_typesupport_fastrtps_c
[0.193s] [100%] Built target rslidar_msg_s__rosidl_typesupport_c
[0.230s] running egg_info
[0.242s] writing rslidar_msg.egg-info/PKG-INFO
[0.242s] writing dependency_links to rslidar_msg.egg-info/dependency_links.txt
[0.242s] writing top-level names to rslidar_msg.egg-info/top_level.txt
[0.272s] reading manifest file 'rslidar_msg.egg-info/SOURCES.txt'
[0.272s] writing manifest file 'rslidar_msg.egg-info/SOURCES.txt'
[0.294s] [100%] Built target ament_cmake_python_build_rslidar_msg_egg
[0.305s] Invoked command in '/home/linfu/ros2_ws/build/rslidar_msg' returned '0': CMAKE_PREFIX_PATH=${CMAKE_PREFIX_PATH}:/opt/ros/jazzy DEBUGINFOD_URLS=https://debuginfod.ubuntu.com /usr/bin/cmake --build /home/linfu/ros2_ws/build/rslidar_msg -- -j20 -l20
[0.313s] Invoking command in '/home/linfu/ros2_ws/build/rslidar_msg': CMAKE_PREFIX_PATH=${CMAKE_PREFIX_PATH}:/opt/ros/jazzy DEBUGINFOD_URLS=https://debuginfod.ubuntu.com /usr/bin/cmake --install /home/linfu/ros2_ws/build/rslidar_msg
[0.321s] -- Install configuration: ""
[0.321s] -- Up-to-date: /home/linfu/ros2_ws/install/rslidar_msg/share/ament_index/resource_index/rosidl_interfaces/rslidar_msg
[0.321s] -- Up-to-date: /home/linfu/ros2_ws/install/rslidar_msg/share/rslidar_msg/msg/RslidarPacket.json
[0.321s] -- Up-to-date: /home/linfu/ros2_ws/install/rslidar_msg/include/rslidar_msg/rslidar_msg
[0.321s] -- Up-to-date: /home/linfu/ros2_ws/install/rslidar_msg/include/rslidar_msg/rslidar_msg/msg
[0.321s] -- Up-to-date: /home/linfu/ros2_ws/install/rslidar_msg/include/rslidar_msg/rslidar_msg/msg/rslidar_packet.h
[0.322s] -- Up-to-date: /home/linfu/ros2_ws/install/rslidar_msg/include/rslidar_msg/rslidar_msg/msg/rosidl_generator_c__visibility_control.h
[0.322s] -- Up-to-date: /home/linfu/ros2_ws/install/rslidar_msg/include/rslidar_msg/rslidar_msg/msg/detail
[0.322s] -- Up-to-date: /home/linfu/ros2_ws/install/rslidar_msg/include/rslidar_msg/rslidar_msg/msg/detail/rslidar_packet__type_support.h
[0.322s] -- Up-to-date: /home/linfu/ros2_ws/install/rslidar_msg/include/rslidar_msg/rslidar_msg/msg/detail/rslidar_packet__struct.h
[0.322s] -- Up-to-date: /home/linfu/ros2_ws/install/rslidar_msg/include/rslidar_msg/rslidar_msg/msg/detail/rslidar_packet__description.c
[0.322s] -- Up-to-date: /home/linfu/ros2_ws/install/rslidar_msg/include/rslidar_msg/rslidar_msg/msg/detail/rslidar_packet__functions.c
[0.322s] -- Up-to-date: /home/linfu/ros2_ws/install/rslidar_msg/include/rslidar_msg/rslidar_msg/msg/detail/rslidar_packet__type_support.c
[0.322s] -- Up-to-date: /home/linfu/ros2_ws/install/rslidar_msg/include/rslidar_msg/rslidar_msg/msg/detail/rslidar_packet__functions.h
[0.322s] -- Up-to-date: /home/linfu/ros2_ws/install/rslidar_msg/share/rslidar_msg/environment/library_path.sh
[0.322s] -- Up-to-date: /home/linfu/ros2_ws/install/rslidar_msg/share/rslidar_msg/environment/library_path.dsv
[0.323s] -- Up-to-date: /home/linfu/ros2_ws/install/rslidar_msg/lib/librslidar_msg__rosidl_generator_c.so
[0.323s] -- Up-to-date: /home/linfu/ros2_ws/install/rslidar_msg/include/rslidar_msg/rslidar_msg
[0.323s] -- Up-to-date: /home/linfu/ros2_ws/install/rslidar_msg/include/rslidar_msg/rslidar_msg/msg
[0.323s] -- Up-to-date: /home/linfu/ros2_ws/install/rslidar_msg/include/rslidar_msg/rslidar_msg/msg/rosidl_typesupport_fastrtps_c__visibility_control.h
[0.323s] -- Up-to-date: /home/linfu/ros2_ws/install/rslidar_msg/include/rslidar_msg/rslidar_msg/msg/detail
[0.323s] -- Up-to-date: /home/linfu/ros2_ws/install/rslidar_msg/include/rslidar_msg/rslidar_msg/msg/detail/rslidar_packet__rosidl_typesupport_fastrtps_c.h
[0.323s] -- Up-to-date: /home/linfu/ros2_ws/install/rslidar_msg/lib/librslidar_msg__rosidl_typesupport_fastrtps_c.so
[0.323s] -- Up-to-date: /home/linfu/ros2_ws/install/rslidar_msg/include/rslidar_msg/rslidar_msg
[0.323s] -- Up-to-date: /home/linfu/ros2_ws/install/rslidar_msg/include/rslidar_msg/rslidar_msg/msg
[0.323s] -- Up-to-date: /home/linfu/ros2_ws/install/rslidar_msg/include/rslidar_msg/rslidar_msg/msg/rslidar_packet.hpp
[0.323s] -- Up-to-date: /home/linfu/ros2_ws/install/rslidar_msg/include/rslidar_msg/rslidar_msg/msg/detail
[0.324s] -- Up-to-date: /home/linfu/ros2_ws/install/rslidar_msg/include/rslidar_msg/rslidar_msg/msg/detail/rslidar_packet__traits.hpp
[0.324s] -- Up-to-date: /home/linfu/ros2_ws/install/rslidar_msg/include/rslidar_msg/rslidar_msg/msg/detail/rslidar_packet__type_support.hpp
[0.324s] -- Up-to-date: /home/linfu/ros2_ws/install/rslidar_msg/include/rslidar_msg/rslidar_msg/msg/detail/rslidar_packet__struct.hpp
[0.324s] -- Up-to-date: /home/linfu/ros2_ws/install/rslidar_msg/include/rslidar_msg/rslidar_msg/msg/detail/rslidar_packet__builder.hpp
[0.324s] -- Up-to-date: /home/linfu/ros2_ws/install/rslidar_msg/include/rslidar_msg/rslidar_msg/msg/rosidl_generator_cpp__visibility_control.hpp
[0.324s] -- Up-to-date: /home/linfu/ros2_ws/install/rslidar_msg/include/rslidar_msg/rslidar_msg
[0.324s] -- Up-to-date: /home/linfu/ros2_ws/install/rslidar_msg/include/rslidar_msg/rslidar_msg/msg
[0.324s] -- Up-to-date: /home/linfu/ros2_ws/install/rslidar_msg/include/rslidar_msg/rslidar_msg/msg/detail
[0.324s] -- Up-to-date: /home/linfu/ros2_ws/install/rslidar_msg/include/rslidar_msg/rslidar_msg/msg/detail/rslidar_packet__rosidl_typesupport_fastrtps_cpp.hpp
[0.324s] -- Up-to-date: /home/linfu/ros2_ws/install/rslidar_msg/include/rslidar_msg/rslidar_msg/msg/detail/dds_fastrtps
[0.324s] -- Up-to-date: /home/linfu/ros2_ws/install/rslidar_msg/include/rslidar_msg/rslidar_msg/msg/rosidl_typesupport_fastrtps_cpp__visibility_control.h
[0.324s] -- Up-to-date: /home/linfu/ros2_ws/install/rslidar_msg/lib/librslidar_msg__rosidl_typesupport_fastrtps_cpp.so
[0.325s] -- Up-to-date: /home/linfu/ros2_ws/install/rslidar_msg/include/rslidar_msg/rslidar_msg
[0.325s] -- Up-to-date: /home/linfu/ros2_ws/install/rslidar_msg/include/rslidar_msg/rslidar_msg/msg
[0.325s] -- Up-to-date: /home/linfu/ros2_ws/install/rslidar_msg/include/rslidar_msg/rslidar_msg/msg/detail
[0.325s] -- Up-to-date: /home/linfu/ros2_ws/install/rslidar_msg/include/rslidar_msg/rslidar_msg/msg/detail/rslidar_packet__rosidl_typesupport_introspection_c.h
[0.325s] -- Up-to-date: /home/linfu/ros2_ws/install/rslidar_msg/include/rslidar_msg/rslidar_msg/msg/detail/rslidar_packet__type_support.c
[0.325s] -- Up-to-date: /home/linfu/ros2_ws/install/rslidar_msg/include/rslidar_msg/rslidar_msg/msg/rosidl_typesupport_introspection_c__visibility_control.h
[0.325s] -- Up-to-date: /home/linfu/ros2_ws/install/rslidar_msg/lib/librslidar_msg__rosidl_typesupport_introspection_c.so
[0.325s] -- Up-to-date: /home/linfu/ros2_ws/install/rslidar_msg/lib/librslidar_msg__rosidl_typesupport_c.so
[0.325s] -- Up-to-date: /home/linfu/ros2_ws/install/rslidar_msg/include/rslidar_msg/rslidar_msg
[0.325s] -- Up-to-date: /home/linfu/ros2_ws/install/rslidar_msg/include/rslidar_msg/rslidar_msg/msg
[0.325s] -- Up-to-date: /home/linfu/ros2_ws/install/rslidar_msg/include/rslidar_msg/rslidar_msg/msg/detail
[0.325s] -- Up-to-date: /home/linfu/ros2_ws/install/rslidar_msg/include/rslidar_msg/rslidar_msg/msg/detail/rslidar_packet__type_support.cpp
[0.325s] -- Up-to-date: /home/linfu/ros2_ws/install/rslidar_msg/include/rslidar_msg/rslidar_msg/msg/detail/rslidar_packet__rosidl_typesupport_introspection_cpp.hpp
[0.326s] -- Up-to-date: /home/linfu/ros2_ws/install/rslidar_msg/lib/librslidar_msg__rosidl_typesupport_introspection_cpp.so
[0.326s] -- Up-to-date: /home/linfu/ros2_ws/install/rslidar_msg/lib/librslidar_msg__rosidl_typesupport_cpp.so
[0.326s] -- Up-to-date: /home/linfu/ros2_ws/install/rslidar_msg/share/rslidar_msg/environment/pythonpath.sh
[0.326s] -- Up-to-date: /home/linfu/ros2_ws/install/rslidar_msg/share/rslidar_msg/environment/pythonpath.dsv
[0.326s] -- Up-to-date: /home/linfu/ros2_ws/install/rslidar_msg/lib/python3.12/site-packages/rslidar_msg-0.0.0-py3.12.egg-info
[0.326s] -- Installing: /home/linfu/ros2_ws/install/rslidar_msg/lib/python3.12/site-packages/rslidar_msg-0.0.0-py3.12.egg-info/PKG-INFO
[0.326s] -- Installing: /home/linfu/ros2_ws/install/rslidar_msg/lib/python3.12/site-packages/rslidar_msg-0.0.0-py3.12.egg-info/dependency_links.txt
[0.326s] -- Installing: /home/linfu/ros2_ws/install/rslidar_msg/lib/python3.12/site-packages/rslidar_msg-0.0.0-py3.12.egg-info/top_level.txt
[0.326s] -- Installing: /home/linfu/ros2_ws/install/rslidar_msg/lib/python3.12/site-packages/rslidar_msg-0.0.0-py3.12.egg-info/SOURCES.txt
[0.326s] -- Up-to-date: /home/linfu/ros2_ws/install/rslidar_msg/lib/python3.12/site-packages/rslidar_msg
[0.326s] -- Up-to-date: /home/linfu/ros2_ws/install/rslidar_msg/lib/python3.12/site-packages/rslidar_msg/_rslidar_msg_s.ep.rosidl_typesupport_introspection_c.c
[0.326s] -- Up-to-date: /home/linfu/ros2_ws/install/rslidar_msg/lib/python3.12/site-packages/rslidar_msg/_rslidar_msg_s.ep.rosidl_typesupport_c.c
[0.326s] -- Up-to-date: /home/linfu/ros2_ws/install/rslidar_msg/lib/python3.12/site-packages/rslidar_msg/rslidar_msg_s__rosidl_typesupport_c.so
[0.327s] -- Up-to-date: /home/linfu/ros2_ws/install/rslidar_msg/lib/python3.12/site-packages/rslidar_msg/msg
[0.327s] -- Up-to-date: /home/linfu/ros2_ws/install/rslidar_msg/lib/python3.12/site-packages/rslidar_msg/msg/_rslidar_packet.py
[0.327s] -- Up-to-date: /home/linfu/ros2_ws/install/rslidar_msg/lib/python3.12/site-packages/rslidar_msg/msg/_rslidar_packet_s.c
[0.327s] -- Up-to-date: /home/linfu/ros2_ws/install/rslidar_msg/lib/python3.12/site-packages/rslidar_msg/msg/__init__.py
[0.327s] -- Up-to-date: /home/linfu/ros2_ws/install/rslidar_msg/lib/python3.12/site-packages/rslidar_msg/__init__.py
[0.327s] -- Up-to-date: /home/linfu/ros2_ws/install/rslidar_msg/lib/python3.12/site-packages/rslidar_msg/rslidar_msg_s__rosidl_typesupport_fastrtps_c.so
[0.327s] -- Up-to-date: /home/linfu/ros2_ws/install/rslidar_msg/lib/python3.12/site-packages/rslidar_msg/rslidar_msg_s__rosidl_typesupport_introspection_c.so
[0.327s] -- Up-to-date: /home/linfu/ros2_ws/install/rslidar_msg/lib/python3.12/site-packages/rslidar_msg/_rslidar_msg_s.ep.rosidl_typesupport_fastrtps_c.c
[0.350s] Listing '/home/linfu/ros2_ws/install/rslidar_msg/lib/python3.12/site-packages/rslidar_msg'...
[0.350s] Listing '/home/linfu/ros2_ws/install/rslidar_msg/lib/python3.12/site-packages/rslidar_msg/msg'...
[0.354s] -- Up-to-date: /home/linfu/ros2_ws/install/rslidar_msg/lib/python3.12/site-packages/rslidar_msg/rslidar_msg_s__rosidl_typesupport_fastrtps_c.so
[0.354s] -- Up-to-date: /home/linfu/ros2_ws/install/rslidar_msg/lib/python3.12/site-packages/rslidar_msg/rslidar_msg_s__rosidl_typesupport_introspection_c.so
[0.354s] -- Up-to-date: /home/linfu/ros2_ws/install/rslidar_msg/lib/python3.12/site-packages/rslidar_msg/rslidar_msg_s__rosidl_typesupport_c.so
[0.355s] -- Up-to-date: /home/linfu/ros2_ws/install/rslidar_msg/lib/librslidar_msg__rosidl_generator_py.so
[0.355s] -- Up-to-date: /home/linfu/ros2_ws/install/rslidar_msg/share/ament_index/resource_index/rust_packages/rslidar_msg
[0.355s] -- Up-to-date: /home/linfu/ros2_ws/install/rslidar_msg/share/rslidar_msg/rust
[0.355s] -- Up-to-date: /home/linfu/ros2_ws/install/rslidar_msg/share/rslidar_msg/rust/build.rs
[0.355s] -- Up-to-date: /home/linfu/ros2_ws/install/rslidar_msg/share/rslidar_msg/rust/Cargo.toml
[0.355s] -- Up-to-date: /home/linfu/ros2_ws/install/rslidar_msg/share/rslidar_msg/rust/src
[0.355s] -- Up-to-date: /home/linfu/ros2_ws/install/rslidar_msg/share/rslidar_msg/rust/src/lib.rs
[0.355s] -- Up-to-date: /home/linfu/ros2_ws/install/rslidar_msg/share/rslidar_msg/rust/src/msg.rs
[0.355s] -- Up-to-date: /home/linfu/ros2_ws/install/rslidar_msg/share/rslidar_msg/rust/src/msg
[0.356s] -- Up-to-date: /home/linfu/ros2_ws/install/rslidar_msg/share/rslidar_msg/rust/src/msg/rmw.rs
[0.356s] -- Up-to-date: /home/linfu/ros2_ws/install/rslidar_msg/share/rslidar_msg/msg/RslidarPacket.idl
[0.356s] -- Up-to-date: /home/linfu/ros2_ws/install/rslidar_msg/share/rslidar_msg/msg/RslidarPacket.msg
[0.356s] -- Up-to-date: /home/linfu/ros2_ws/install/rslidar_msg/share/ament_index/resource_index/package_run_dependencies/rslidar_msg
[0.356s] -- Up-to-date: /home/linfu/ros2_ws/install/rslidar_msg/share/ament_index/resource_index/parent_prefix_path/rslidar_msg
[0.356s] -- Up-to-date: /home/linfu/ros2_ws/install/rslidar_msg/share/rslidar_msg/environment/ament_prefix_path.sh
[0.356s] -- Up-to-date: /home/linfu/ros2_ws/install/rslidar_msg/share/rslidar_msg/environment/ament_prefix_path.dsv
[0.356s] -- Up-to-date: /home/linfu/ros2_ws/install/rslidar_msg/share/rslidar_msg/environment/path.sh
[0.356s] -- Up-to-date: /home/linfu/ros2_ws/install/rslidar_msg/share/rslidar_msg/environment/path.dsv
[0.356s] -- Up-to-date: /home/linfu/ros2_ws/install/rslidar_msg/share/rslidar_msg/local_setup.bash
[0.356s] -- Up-to-date: /home/linfu/ros2_ws/install/rslidar_msg/share/rslidar_msg/local_setup.sh
[0.356s] -- Up-to-date: /home/linfu/ros2_ws/install/rslidar_msg/share/rslidar_msg/local_setup.zsh
[0.357s] -- Up-to-date: /home/linfu/ros2_ws/install/rslidar_msg/share/rslidar_msg/local_setup.dsv
[0.357s] -- Installing: /home/linfu/ros2_ws/install/rslidar_msg/share/rslidar_msg/package.dsv
[0.357s] -- Up-to-date: /home/linfu/ros2_ws/install/rslidar_msg/share/ament_index/resource_index/packages/rslidar_msg
[0.357s] -- Up-to-date: /home/linfu/ros2_ws/install/rslidar_msg/share/rslidar_msg/cmake/export_rslidar_msg__rosidl_generator_cExport.cmake
[0.357s] -- Up-to-date: /home/linfu/ros2_ws/install/rslidar_msg/share/rslidar_msg/cmake/export_rslidar_msg__rosidl_generator_cExport-noconfig.cmake
[0.357s] -- Up-to-date: /home/linfu/ros2_ws/install/rslidar_msg/share/rslidar_msg/cmake/export_rslidar_msg__rosidl_typesupport_fastrtps_cExport.cmake
[0.357s] -- Up-to-date: /home/linfu/ros2_ws/install/rslidar_msg/share/rslidar_msg/cmake/export_rslidar_msg__rosidl_typesupport_fastrtps_cExport-noconfig.cmake
[0.357s] -- Up-to-date: /home/linfu/ros2_ws/install/rslidar_msg/share/rslidar_msg/cmake/export_rslidar_msg__rosidl_generator_cppExport.cmake
[0.357s] -- Up-to-date: /home/linfu/ros2_ws/install/rslidar_msg/share/rslidar_msg/cmake/export_rslidar_msg__rosidl_typesupport_fastrtps_cppExport.cmake
[0.357s] -- Up-to-date: /home/linfu/ros2_ws/install/rslidar_msg/share/rslidar_msg/cmake/export_rslidar_msg__rosidl_typesupport_fastrtps_cppExport-noconfig.cmake
[0.358s] -- Up-to-date: /home/linfu/ros2_ws/install/rslidar_msg/share/rslidar_msg/cmake/rslidar_msg__rosidl_typesupport_introspection_cExport.cmake
[0.358s] -- Up-to-date: /home/linfu/ros2_ws/install/rslidar_msg/share/rslidar_msg/cmake/rslidar_msg__rosidl_typesupport_introspection_cExport-noconfig.cmake
[0.358s] -- Up-to-date: /home/linfu/ros2_ws/install/rslidar_msg/share/rslidar_msg/cmake/rslidar_msg__rosidl_typesupport_cExport.cmake
[0.358s] -- Up-to-date: /home/linfu/ros2_ws/install/rslidar_msg/share/rslidar_msg/cmake/rslidar_msg__rosidl_typesupport_cExport-noconfig.cmake
[0.358s] -- Up-to-date: /home/linfu/ros2_ws/install/rslidar_msg/share/rslidar_msg/cmake/rslidar_msg__rosidl_typesupport_introspection_cppExport.cmake
[0.358s] -- Up-to-date: /home/linfu/ros2_ws/install/rslidar_msg/share/rslidar_msg/cmake/rslidar_msg__rosidl_typesupport_introspection_cppExport-noconfig.cmake
[0.358s] -- Up-to-date: /home/linfu/ros2_ws/install/rslidar_msg/share/rslidar_msg/cmake/rslidar_msg__rosidl_typesupport_cppExport.cmake
[0.359s] -- Up-to-date: /home/linfu/ros2_ws/install/rslidar_msg/share/rslidar_msg/cmake/rslidar_msg__rosidl_typesupport_cppExport-noconfig.cmake
[0.359s] -- Up-to-date: /home/linfu/ros2_ws/install/rslidar_msg/share/rslidar_msg/cmake/export_rslidar_msg__rosidl_generator_pyExport.cmake
[0.359s] -- Up-to-date: /home/linfu/ros2_ws/install/rslidar_msg/share/rslidar_msg/cmake/export_rslidar_msg__rosidl_generator_pyExport-noconfig.cmake
[0.359s] -- Up-to-date: /home/linfu/ros2_ws/install/rslidar_msg/share/rslidar_msg/cmake/rosidl_cmake-extras.cmake
[0.359s] -- Up-to-date: /home/linfu/ros2_ws/install/rslidar_msg/share/rslidar_msg/cmake/ament_cmake_export_dependencies-extras.cmake
[0.359s] -- Up-to-date: /home/linfu/ros2_ws/install/rslidar_msg/share/rslidar_msg/cmake/ament_cmake_export_include_directories-extras.cmake
[0.359s] -- Up-to-date: /home/linfu/ros2_ws/install/rslidar_msg/share/rslidar_msg/cmake/ament_cmake_export_libraries-extras.cmake
[0.359s] -- Up-to-date: /home/linfu/ros2_ws/install/rslidar_msg/share/rslidar_msg/cmake/ament_cmake_export_targets-extras.cmake
[0.359s] -- Up-to-date: /home/linfu/ros2_ws/install/rslidar_msg/share/rslidar_msg/cmake/rosidl_cmake_export_typesupport_targets-extras.cmake
[0.359s] -- Up-to-date: /home/linfu/ros2_ws/install/rslidar_msg/share/rslidar_msg/cmake/rosidl_cmake_export_typesupport_libraries-extras.cmake
[0.359s] -- Up-to-date: /home/linfu/ros2_ws/install/rslidar_msg/share/rslidar_msg/cmake/rslidar_msgConfig.cmake
[0.359s] -- Up-to-date: /home/linfu/ros2_ws/install/rslidar_msg/share/rslidar_msg/cmake/rslidar_msgConfig-version.cmake
[0.359s] -- Up-to-date: /home/linfu/ros2_ws/install/rslidar_msg/share/rslidar_msg/package.xml
[0.359s] Invoked command in '/home/linfu/ros2_ws/build/rslidar_msg' returned '0': CMAKE_PREFIX_PATH=${CMAKE_PREFIX_PATH}:/opt/ros/jazzy DEBUGINFOD_URLS=https://debuginfod.ubuntu.com /usr/bin/cmake --install /home/linfu/ros2_ws/build/rslidar_msg
