[0.076s] DEBUG:colcon:Command line arguments: ['/usr/bin/colcon', 'build']
[0.076s] DEBUG:colcon:Parsed command line arguments: Namespace(log_base=None, log_level=None, verb_name='build', build_base='build', install_base='install', merge_install=False, symlink_install=False, test_result_base=None, continue_on_error=False, executor='parallel', parallel_workers=20, event_handlers=None, ignore_user_meta=False, metas=['./colcon.meta'], base_paths=['.'], packages_ignore=None, packages_ignore_regex=None, paths=None, packages_up_to=None, packages_up_to_regex=None, packages_above=None, packages_above_and_dependencies=None, packages_above_depth=None, packages_select_by_dep=None, packages_skip_by_dep=None, packages_skip_up_to=None, packages_select_build_failed=False, packages_skip_build_finished=False, packages_select_test_failures=False, packages_skip_test_passed=False, packages_select=None, packages_skip=None, packages_select_regex=None, packages_skip_regex=None, packages_start=None, packages_end=None, allow_overriding=[], cmake_args=None, cmake_target=None, cmake_target_skip_unavailable=False, cmake_clean_cache=False, cmake_clean_first=False, cmake_force_configure=False, ament_cmake_args=None, catkin_cmake_args=None, catkin_skip_building_tests=False, verb_parser=<colcon_defaults.argument_parser.defaults.DefaultArgumentsDecorator object at 0x74d73ce625a0>, verb_extension=<colcon_core.verb.build.BuildVerb object at 0x74d73cf86e40>, main=<bound method BuildVerb.main of <colcon_core.verb.build.BuildVerb object at 0x74d73cf86e40>>)
[0.106s] Level 1:colcon.colcon_core.package_discovery:discover_packages(colcon_meta) check parameters
[0.106s] Level 1:colcon.colcon_core.package_discovery:discover_packages(recursive) check parameters
[0.106s] Level 1:colcon.colcon_core.package_discovery:discover_packages(ignore) check parameters
[0.106s] Level 1:colcon.colcon_core.package_discovery:discover_packages(path) check parameters
[0.106s] Level 1:colcon.colcon_core.package_discovery:discover_packages(colcon_meta) discover
[0.106s] Level 1:colcon.colcon_core.package_discovery:discover_packages(recursive) discover
[0.106s] INFO:colcon.colcon_core.package_discovery:Crawling recursively for packages in '/home/linfu/ros2_ws'
[0.106s] Level 1:colcon.colcon_core.package_identification:_identify(.) by extensions ['ignore', 'ignore_ament_install']
[0.106s] Level 1:colcon.colcon_core.package_identification:_identify(.) by extension 'ignore'
[0.106s] Level 1:colcon.colcon_core.package_identification:_identify(.) by extension 'ignore_ament_install'
[0.106s] Level 1:colcon.colcon_core.package_identification:_identify(.) by extensions ['colcon_pkg']
[0.106s] Level 1:colcon.colcon_core.package_identification:_identify(.) by extension 'colcon_pkg'
[0.106s] Level 1:colcon.colcon_core.package_identification:_identify(.) by extensions ['colcon_meta']
[0.106s] Level 1:colcon.colcon_core.package_identification:_identify(.) by extension 'colcon_meta'
[0.106s] Level 1:colcon.colcon_core.package_identification:_identify(.) by extensions ['ros']
[0.106s] Level 1:colcon.colcon_core.package_identification:_identify(.) by extension 'ros'
[0.128s] Level 1:colcon.colcon_core.package_identification:_identify(.) by extensions ['cmake', 'python']
[0.128s] Level 1:colcon.colcon_core.package_identification:_identify(.) by extension 'cmake'
[0.128s] Level 1:colcon.colcon_core.package_identification:_identify(.) by extension 'python'
[0.128s] Level 1:colcon.colcon_core.package_identification:_identify(.) by extensions ['python_setup_py']
[0.128s] Level 1:colcon.colcon_core.package_identification:_identify(.) by extension 'python_setup_py'
[0.128s] Level 1:colcon.colcon_core.package_identification:_identify(build) by extensions ['ignore', 'ignore_ament_install']
[0.128s] Level 1:colcon.colcon_core.package_identification:_identify(build) by extension 'ignore'
[0.128s] Level 1:colcon.colcon_core.package_identification:_identify(build) ignored
[0.128s] Level 1:colcon.colcon_core.package_identification:_identify(install) by extensions ['ignore', 'ignore_ament_install']
[0.128s] Level 1:colcon.colcon_core.package_identification:_identify(install) by extension 'ignore'
[0.128s] Level 1:colcon.colcon_core.package_identification:_identify(install) ignored
[0.128s] Level 1:colcon.colcon_core.package_identification:_identify(log) by extensions ['ignore', 'ignore_ament_install']
[0.128s] Level 1:colcon.colcon_core.package_identification:_identify(log) by extension 'ignore'
[0.128s] Level 1:colcon.colcon_core.package_identification:_identify(log) ignored
[0.128s] Level 1:colcon.colcon_core.package_identification:_identify(src) by extensions ['ignore', 'ignore_ament_install']
[0.128s] Level 1:colcon.colcon_core.package_identification:_identify(src) by extension 'ignore'
[0.128s] Level 1:colcon.colcon_core.package_identification:_identify(src) by extension 'ignore_ament_install'
[0.128s] Level 1:colcon.colcon_core.package_identification:_identify(src) by extensions ['colcon_pkg']
[0.128s] Level 1:colcon.colcon_core.package_identification:_identify(src) by extension 'colcon_pkg'
[0.128s] Level 1:colcon.colcon_core.package_identification:_identify(src) by extensions ['colcon_meta']
[0.129s] Level 1:colcon.colcon_core.package_identification:_identify(src) by extension 'colcon_meta'
[0.129s] Level 1:colcon.colcon_core.package_identification:_identify(src) by extensions ['ros']
[0.129s] Level 1:colcon.colcon_core.package_identification:_identify(src) by extension 'ros'
[0.129s] Level 1:colcon.colcon_core.package_identification:_identify(src) by extensions ['cmake', 'python']
[0.129s] Level 1:colcon.colcon_core.package_identification:_identify(src) by extension 'cmake'
[0.129s] Level 1:colcon.colcon_core.package_identification:_identify(src) by extension 'python'
[0.129s] Level 1:colcon.colcon_core.package_identification:_identify(src) by extensions ['python_setup_py']
[0.129s] Level 1:colcon.colcon_core.package_identification:_identify(src) by extension 'python_setup_py'
[0.129s] Level 1:colcon.colcon_core.package_identification:_identify(src/cone_detector) by extensions ['ignore', 'ignore_ament_install']
[0.129s] Level 1:colcon.colcon_core.package_identification:_identify(src/cone_detector) by extension 'ignore'
[0.129s] Level 1:colcon.colcon_core.package_identification:_identify(src/cone_detector) by extension 'ignore_ament_install'
[0.129s] Level 1:colcon.colcon_core.package_identification:_identify(src/cone_detector) by extensions ['colcon_pkg']
[0.129s] Level 1:colcon.colcon_core.package_identification:_identify(src/cone_detector) by extension 'colcon_pkg'
[0.129s] Level 1:colcon.colcon_core.package_identification:_identify(src/cone_detector) by extensions ['colcon_meta']
[0.129s] Level 1:colcon.colcon_core.package_identification:_identify(src/cone_detector) by extension 'colcon_meta'
[0.129s] Level 1:colcon.colcon_core.package_identification:_identify(src/cone_detector) by extensions ['ros']
[0.129s] Level 1:colcon.colcon_core.package_identification:_identify(src/cone_detector) by extension 'ros'
[0.131s] DEBUG:colcon.colcon_core.package_identification:Package 'src/cone_detector' with type 'ros.ament_cmake' and name 'cone_detector'
[0.131s] Level 1:colcon.colcon_core.package_identification:_identify(src/rslidar_msg-master) by extensions ['ignore', 'ignore_ament_install']
[0.131s] Level 1:colcon.colcon_core.package_identification:_identify(src/rslidar_msg-master) by extension 'ignore'
[0.131s] Level 1:colcon.colcon_core.package_identification:_identify(src/rslidar_msg-master) by extension 'ignore_ament_install'
[0.131s] Level 1:colcon.colcon_core.package_identification:_identify(src/rslidar_msg-master) by extensions ['colcon_pkg']
[0.131s] Level 1:colcon.colcon_core.package_identification:_identify(src/rslidar_msg-master) by extension 'colcon_pkg'
[0.131s] Level 1:colcon.colcon_core.package_identification:_identify(src/rslidar_msg-master) by extensions ['colcon_meta']
[0.131s] Level 1:colcon.colcon_core.package_identification:_identify(src/rslidar_msg-master) by extension 'colcon_meta'
[0.132s] Level 1:colcon.colcon_core.package_identification:_identify(src/rslidar_msg-master) by extensions ['ros']
[0.132s] Level 1:colcon.colcon_core.package_identification:_identify(src/rslidar_msg-master) by extension 'ros'
[0.132s] DEBUG:colcon.colcon_core.package_identification:Package 'src/rslidar_msg-master' with type 'ros.ament_cmake' and name 'rslidar_msg'
[0.132s] Level 1:colcon.colcon_core.package_identification:_identify(src/rslidar_sdk) by extensions ['ignore', 'ignore_ament_install']
[0.132s] Level 1:colcon.colcon_core.package_identification:_identify(src/rslidar_sdk) by extension 'ignore'
[0.132s] Level 1:colcon.colcon_core.package_identification:_identify(src/rslidar_sdk) by extension 'ignore_ament_install'
[0.132s] Level 1:colcon.colcon_core.package_identification:_identify(src/rslidar_sdk) by extensions ['colcon_pkg']
[0.132s] Level 1:colcon.colcon_core.package_identification:_identify(src/rslidar_sdk) by extension 'colcon_pkg'
[0.132s] Level 1:colcon.colcon_core.package_identification:_identify(src/rslidar_sdk) by extensions ['colcon_meta']
[0.132s] Level 1:colcon.colcon_core.package_identification:_identify(src/rslidar_sdk) by extension 'colcon_meta'
[0.132s] Level 1:colcon.colcon_core.package_identification:_identify(src/rslidar_sdk) by extensions ['ros']
[0.132s] Level 1:colcon.colcon_core.package_identification:_identify(src/rslidar_sdk) by extension 'ros'
[0.138s] DEBUG:colcon.colcon_core.package_identification:Package 'src/rslidar_sdk' with type 'ros.ament_cmake' and name 'rslidar_sdk'
[0.138s] Level 1:colcon.colcon_core.package_discovery:discover_packages(recursive) using defaults
[0.138s] Level 1:colcon.colcon_core.package_discovery:discover_packages(ignore) discover
[0.138s] Level 1:colcon.colcon_core.package_discovery:discover_packages(ignore) using defaults
[0.138s] Level 1:colcon.colcon_core.package_discovery:discover_packages(path) discover
[0.138s] Level 1:colcon.colcon_core.package_discovery:discover_packages(path) using defaults
[0.155s] Level 1:colcon.colcon_core.package_discovery:discover_packages(prefix_path) check parameters
[0.155s] Level 1:colcon.colcon_core.package_discovery:discover_packages(prefix_path) discover
[0.156s] DEBUG:colcon.colcon_installed_package_information.package_discovery:Found 3 installed packages in /home/linfu/ros2_ws/install
[0.156s] DEBUG:colcon.colcon_installed_package_information.package_discovery:Found 2 installed packages in /home/linfu/catkin_ws/install
[0.157s] DEBUG:colcon.colcon_installed_package_information.package_discovery:Found 221 installed packages in /opt/ros/jazzy
[0.157s] Level 1:colcon.colcon_core.package_discovery:discover_packages(prefix_path) using defaults
[0.177s] Level 5:colcon.colcon_core.verb:set package 'cone_detector' build argument 'cmake_args' from command line to 'None'
[0.177s] Level 5:colcon.colcon_core.verb:set package 'cone_detector' build argument 'cmake_target' from command line to 'None'
[0.177s] Level 5:colcon.colcon_core.verb:set package 'cone_detector' build argument 'cmake_target_skip_unavailable' from command line to 'False'
[0.177s] Level 5:colcon.colcon_core.verb:set package 'cone_detector' build argument 'cmake_clean_cache' from command line to 'False'
[0.177s] Level 5:colcon.colcon_core.verb:set package 'cone_detector' build argument 'cmake_clean_first' from command line to 'False'
[0.177s] Level 5:colcon.colcon_core.verb:set package 'cone_detector' build argument 'cmake_force_configure' from command line to 'False'
[0.177s] Level 5:colcon.colcon_core.verb:set package 'cone_detector' build argument 'ament_cmake_args' from command line to 'None'
[0.177s] Level 5:colcon.colcon_core.verb:set package 'cone_detector' build argument 'catkin_cmake_args' from command line to 'None'
[0.177s] Level 5:colcon.colcon_core.verb:set package 'cone_detector' build argument 'catkin_skip_building_tests' from command line to 'False'
[0.177s] DEBUG:colcon.colcon_core.verb:Building package 'cone_detector' with the following arguments: {'ament_cmake_args': None, 'build_base': '/home/linfu/ros2_ws/build/cone_detector', 'catkin_cmake_args': None, 'catkin_skip_building_tests': False, 'cmake_args': None, 'cmake_clean_cache': False, 'cmake_clean_first': False, 'cmake_force_configure': False, 'cmake_target': None, 'cmake_target_skip_unavailable': False, 'install_base': '/home/linfu/ros2_ws/install/cone_detector', 'merge_install': False, 'path': '/home/linfu/ros2_ws/src/cone_detector', 'symlink_install': False, 'test_result_base': None}
[0.177s] Level 5:colcon.colcon_core.verb:set package 'rslidar_msg' build argument 'cmake_args' from command line to 'None'
[0.177s] Level 5:colcon.colcon_core.verb:set package 'rslidar_msg' build argument 'cmake_target' from command line to 'None'
[0.177s] Level 5:colcon.colcon_core.verb:set package 'rslidar_msg' build argument 'cmake_target_skip_unavailable' from command line to 'False'
[0.177s] Level 5:colcon.colcon_core.verb:set package 'rslidar_msg' build argument 'cmake_clean_cache' from command line to 'False'
[0.177s] Level 5:colcon.colcon_core.verb:set package 'rslidar_msg' build argument 'cmake_clean_first' from command line to 'False'
[0.177s] Level 5:colcon.colcon_core.verb:set package 'rslidar_msg' build argument 'cmake_force_configure' from command line to 'False'
[0.177s] Level 5:colcon.colcon_core.verb:set package 'rslidar_msg' build argument 'ament_cmake_args' from command line to 'None'
[0.177s] Level 5:colcon.colcon_core.verb:set package 'rslidar_msg' build argument 'catkin_cmake_args' from command line to 'None'
[0.177s] Level 5:colcon.colcon_core.verb:set package 'rslidar_msg' build argument 'catkin_skip_building_tests' from command line to 'False'
[0.177s] DEBUG:colcon.colcon_core.verb:Building package 'rslidar_msg' with the following arguments: {'ament_cmake_args': None, 'build_base': '/home/linfu/ros2_ws/build/rslidar_msg', 'catkin_cmake_args': None, 'catkin_skip_building_tests': False, 'cmake_args': None, 'cmake_clean_cache': False, 'cmake_clean_first': False, 'cmake_force_configure': False, 'cmake_target': None, 'cmake_target_skip_unavailable': False, 'install_base': '/home/linfu/ros2_ws/install/rslidar_msg', 'merge_install': False, 'path': '/home/linfu/ros2_ws/src/rslidar_msg-master', 'symlink_install': False, 'test_result_base': None}
[0.178s] Level 5:colcon.colcon_core.verb:set package 'rslidar_sdk' build argument 'cmake_args' from command line to 'None'
[0.178s] Level 5:colcon.colcon_core.verb:set package 'rslidar_sdk' build argument 'cmake_target' from command line to 'None'
[0.178s] Level 5:colcon.colcon_core.verb:set package 'rslidar_sdk' build argument 'cmake_target_skip_unavailable' from command line to 'False'
[0.178s] Level 5:colcon.colcon_core.verb:set package 'rslidar_sdk' build argument 'cmake_clean_cache' from command line to 'False'
[0.178s] Level 5:colcon.colcon_core.verb:set package 'rslidar_sdk' build argument 'cmake_clean_first' from command line to 'False'
[0.178s] Level 5:colcon.colcon_core.verb:set package 'rslidar_sdk' build argument 'cmake_force_configure' from command line to 'False'
[0.178s] Level 5:colcon.colcon_core.verb:set package 'rslidar_sdk' build argument 'ament_cmake_args' from command line to 'None'
[0.178s] Level 5:colcon.colcon_core.verb:set package 'rslidar_sdk' build argument 'catkin_cmake_args' from command line to 'None'
[0.178s] Level 5:colcon.colcon_core.verb:set package 'rslidar_sdk' build argument 'catkin_skip_building_tests' from command line to 'False'
[0.178s] DEBUG:colcon.colcon_core.verb:Building package 'rslidar_sdk' with the following arguments: {'ament_cmake_args': None, 'build_base': '/home/linfu/ros2_ws/build/rslidar_sdk', 'catkin_cmake_args': None, 'catkin_skip_building_tests': False, 'cmake_args': None, 'cmake_clean_cache': False, 'cmake_clean_first': False, 'cmake_force_configure': False, 'cmake_target': None, 'cmake_target_skip_unavailable': False, 'install_base': '/home/linfu/ros2_ws/install/rslidar_sdk', 'merge_install': False, 'path': '/home/linfu/ros2_ws/src/rslidar_sdk', 'symlink_install': False, 'test_result_base': None}
[0.178s] INFO:colcon.colcon_core.executor:Executing jobs using 'parallel' executor
[0.179s] DEBUG:colcon.colcon_parallel_executor.executor.parallel:run_until_complete
[0.179s] INFO:colcon.colcon_ros.task.ament_cmake.build:Building ROS package in '/home/linfu/ros2_ws/src/rslidar_msg-master' with build type 'ament_cmake'
[0.180s] INFO:colcon.colcon_cmake.task.cmake.build:Building CMake package in '/home/linfu/ros2_ws/src/rslidar_msg-master'
[0.181s] INFO:colcon.colcon_core.plugin_system:Skipping extension 'colcon_core.shell.bat': Not used on non-Windows systems
[0.181s] INFO:colcon.colcon_core.shell:Skip shell extension 'powershell' for command environment: Not usable outside of PowerShell
[0.181s] DEBUG:colcon.colcon_core.shell:Skip shell extension 'dsv' for command environment
[0.184s] INFO:colcon.colcon_ros.task.ament_cmake.build:Building ROS package in '/home/linfu/ros2_ws/src/cone_detector' with build type 'ament_cmake'
[0.184s] INFO:colcon.colcon_cmake.task.cmake.build:Building CMake package in '/home/linfu/ros2_ws/src/cone_detector'
[0.184s] INFO:colcon.colcon_core.shell:Skip shell extension 'powershell' for command environment: Not usable outside of PowerShell
[0.184s] DEBUG:colcon.colcon_core.shell:Skip shell extension 'dsv' for command environment
[0.188s] DEBUG:colcon.colcon_core.event_handler.log_command:Invoking command in '/home/linfu/ros2_ws/build/rslidar_msg': CMAKE_PREFIX_PATH=${CMAKE_PREFIX_PATH}:/opt/ros/jazzy DEBUGINFOD_URLS=https://debuginfod.ubuntu.com /usr/bin/cmake --build /home/linfu/ros2_ws/build/rslidar_msg -- -j20 -l20
[0.193s] DEBUG:colcon.colcon_core.event_handler.log_command:Invoking command in '/home/linfu/ros2_ws/build/cone_detector': CMAKE_PREFIX_PATH=${CMAKE_PREFIX_PATH}:/opt/ros/jazzy DEBUGINFOD_URLS=https://debuginfod.ubuntu.com /usr/bin/cmake --build /home/linfu/ros2_ws/build/cone_detector -- -j20 -l20
[0.485s] DEBUG:colcon.colcon_core.event_handler.log_command:Invoked command in '/home/linfu/ros2_ws/build/rslidar_msg' returned '0': CMAKE_PREFIX_PATH=${CMAKE_PREFIX_PATH}:/opt/ros/jazzy DEBUGINFOD_URLS=https://debuginfod.ubuntu.com /usr/bin/cmake --build /home/linfu/ros2_ws/build/rslidar_msg -- -j20 -l20
[0.492s] DEBUG:colcon.colcon_core.event_handler.log_command:Invoking command in '/home/linfu/ros2_ws/build/rslidar_msg': CMAKE_PREFIX_PATH=${CMAKE_PREFIX_PATH}:/opt/ros/jazzy DEBUGINFOD_URLS=https://debuginfod.ubuntu.com /usr/bin/cmake --install /home/linfu/ros2_ws/build/rslidar_msg
[0.538s] Level 1:colcon.colcon_core.environment:create_environment_scripts_only(rslidar_msg)
[0.539s] DEBUG:colcon.colcon_core.event_handler.log_command:Invoked command in '/home/linfu/ros2_ws/build/rslidar_msg' returned '0': CMAKE_PREFIX_PATH=${CMAKE_PREFIX_PATH}:/opt/ros/jazzy DEBUGINFOD_URLS=https://debuginfod.ubuntu.com /usr/bin/cmake --install /home/linfu/ros2_ws/build/rslidar_msg
[0.541s] Level 1:colcon.colcon_core.environment:checking '/home/linfu/ros2_ws/install/rslidar_msg' for CMake module files
[0.542s] Level 1:colcon.colcon_core.environment:checking '/home/linfu/ros2_ws/install/rslidar_msg' for CMake config files
[0.543s] Level 1:colcon.colcon_core.shell:create_environment_hook('rslidar_msg', 'cmake_prefix_path')
[0.543s] INFO:colcon.colcon_core.shell:Creating environment hook '/home/linfu/ros2_ws/install/rslidar_msg/share/rslidar_msg/hook/cmake_prefix_path.ps1'
[0.544s] INFO:colcon.colcon_core.shell:Creating environment descriptor '/home/linfu/ros2_ws/install/rslidar_msg/share/rslidar_msg/hook/cmake_prefix_path.dsv'
[0.544s] INFO:colcon.colcon_core.shell:Creating environment hook '/home/linfu/ros2_ws/install/rslidar_msg/share/rslidar_msg/hook/cmake_prefix_path.sh'
[0.545s] Level 1:colcon.colcon_core.environment:checking '/home/linfu/ros2_ws/install/rslidar_msg/lib'
[0.545s] Level 1:colcon.colcon_core.shell:create_environment_hook('rslidar_msg', 'ld_library_path_lib')
[0.545s] INFO:colcon.colcon_core.shell:Creating environment hook '/home/linfu/ros2_ws/install/rslidar_msg/share/rslidar_msg/hook/ld_library_path_lib.ps1'
[0.546s] INFO:colcon.colcon_core.shell:Creating environment descriptor '/home/linfu/ros2_ws/install/rslidar_msg/share/rslidar_msg/hook/ld_library_path_lib.dsv'
[0.546s] INFO:colcon.colcon_core.shell:Creating environment hook '/home/linfu/ros2_ws/install/rslidar_msg/share/rslidar_msg/hook/ld_library_path_lib.sh'
[0.546s] Level 1:colcon.colcon_core.environment:checking '/home/linfu/ros2_ws/install/rslidar_msg/bin'
[0.546s] Level 1:colcon.colcon_core.environment:checking '/home/linfu/ros2_ws/install/rslidar_msg/lib/pkgconfig/rslidar_msg.pc'
[0.546s] Level 1:colcon.colcon_core.environment:checking '/home/linfu/ros2_ws/install/rslidar_msg/lib/python3.12/site-packages'
[0.546s] Level 1:colcon.colcon_core.shell:create_environment_hook('rslidar_msg', 'pythonpath')
[0.546s] INFO:colcon.colcon_core.shell:Creating environment hook '/home/linfu/ros2_ws/install/rslidar_msg/share/rslidar_msg/hook/pythonpath.ps1'
[0.547s] INFO:colcon.colcon_core.shell:Creating environment descriptor '/home/linfu/ros2_ws/install/rslidar_msg/share/rslidar_msg/hook/pythonpath.dsv'
[0.547s] INFO:colcon.colcon_core.shell:Creating environment hook '/home/linfu/ros2_ws/install/rslidar_msg/share/rslidar_msg/hook/pythonpath.sh'
[0.547s] Level 1:colcon.colcon_core.environment:checking '/home/linfu/ros2_ws/install/rslidar_msg/bin'
[0.547s] INFO:colcon.colcon_core.shell:Creating package script '/home/linfu/ros2_ws/install/rslidar_msg/share/rslidar_msg/package.ps1'
[0.548s] INFO:colcon.colcon_core.shell:Creating package descriptor '/home/linfu/ros2_ws/install/rslidar_msg/share/rslidar_msg/package.dsv'
[0.548s] INFO:colcon.colcon_core.shell:Creating package script '/home/linfu/ros2_ws/install/rslidar_msg/share/rslidar_msg/package.sh'
[0.549s] INFO:colcon.colcon_core.shell:Creating package script '/home/linfu/ros2_ws/install/rslidar_msg/share/rslidar_msg/package.bash'
[0.549s] INFO:colcon.colcon_core.shell:Creating package script '/home/linfu/ros2_ws/install/rslidar_msg/share/rslidar_msg/package.zsh'
[0.550s] Level 1:colcon.colcon_core.environment:create_file_with_runtime_dependencies(/home/linfu/ros2_ws/install/rslidar_msg/share/colcon-core/packages/rslidar_msg)
[0.550s] Level 1:colcon.colcon_core.environment:create_environment_scripts_only(rslidar_msg)
[0.550s] Level 1:colcon.colcon_core.environment:checking '/home/linfu/ros2_ws/install/rslidar_msg' for CMake module files
[0.551s] Level 1:colcon.colcon_core.environment:checking '/home/linfu/ros2_ws/install/rslidar_msg' for CMake config files
[0.551s] Level 1:colcon.colcon_core.shell:create_environment_hook('rslidar_msg', 'cmake_prefix_path')
[0.551s] INFO:colcon.colcon_core.shell:Creating environment hook '/home/linfu/ros2_ws/install/rslidar_msg/share/rslidar_msg/hook/cmake_prefix_path.ps1'
[0.551s] INFO:colcon.colcon_core.shell:Creating environment descriptor '/home/linfu/ros2_ws/install/rslidar_msg/share/rslidar_msg/hook/cmake_prefix_path.dsv'
[0.552s] INFO:colcon.colcon_core.shell:Creating environment hook '/home/linfu/ros2_ws/install/rslidar_msg/share/rslidar_msg/hook/cmake_prefix_path.sh'
[0.552s] Level 1:colcon.colcon_core.environment:checking '/home/linfu/ros2_ws/install/rslidar_msg/lib'
[0.552s] Level 1:colcon.colcon_core.shell:create_environment_hook('rslidar_msg', 'ld_library_path_lib')
[0.552s] INFO:colcon.colcon_core.shell:Creating environment hook '/home/linfu/ros2_ws/install/rslidar_msg/share/rslidar_msg/hook/ld_library_path_lib.ps1'
[0.552s] INFO:colcon.colcon_core.shell:Creating environment descriptor '/home/linfu/ros2_ws/install/rslidar_msg/share/rslidar_msg/hook/ld_library_path_lib.dsv'
[0.553s] INFO:colcon.colcon_core.shell:Creating environment hook '/home/linfu/ros2_ws/install/rslidar_msg/share/rslidar_msg/hook/ld_library_path_lib.sh'
[0.553s] Level 1:colcon.colcon_core.environment:checking '/home/linfu/ros2_ws/install/rslidar_msg/bin'
[0.553s] Level 1:colcon.colcon_core.environment:checking '/home/linfu/ros2_ws/install/rslidar_msg/lib/pkgconfig/rslidar_msg.pc'
[0.553s] Level 1:colcon.colcon_core.environment:checking '/home/linfu/ros2_ws/install/rslidar_msg/lib/python3.12/site-packages'
[0.553s] Level 1:colcon.colcon_core.shell:create_environment_hook('rslidar_msg', 'pythonpath')
[0.553s] INFO:colcon.colcon_core.shell:Creating environment hook '/home/linfu/ros2_ws/install/rslidar_msg/share/rslidar_msg/hook/pythonpath.ps1'
[0.553s] INFO:colcon.colcon_core.shell:Creating environment descriptor '/home/linfu/ros2_ws/install/rslidar_msg/share/rslidar_msg/hook/pythonpath.dsv'
[0.554s] INFO:colcon.colcon_core.shell:Creating environment hook '/home/linfu/ros2_ws/install/rslidar_msg/share/rslidar_msg/hook/pythonpath.sh'
[0.554s] Level 1:colcon.colcon_core.environment:checking '/home/linfu/ros2_ws/install/rslidar_msg/bin'
[0.554s] INFO:colcon.colcon_core.shell:Creating package script '/home/linfu/ros2_ws/install/rslidar_msg/share/rslidar_msg/package.ps1'
[0.555s] INFO:colcon.colcon_core.shell:Creating package descriptor '/home/linfu/ros2_ws/install/rslidar_msg/share/rslidar_msg/package.dsv'
[0.555s] INFO:colcon.colcon_core.shell:Creating package script '/home/linfu/ros2_ws/install/rslidar_msg/share/rslidar_msg/package.sh'
[0.555s] INFO:colcon.colcon_core.shell:Creating package script '/home/linfu/ros2_ws/install/rslidar_msg/share/rslidar_msg/package.bash'
[0.555s] INFO:colcon.colcon_core.shell:Creating package script '/home/linfu/ros2_ws/install/rslidar_msg/share/rslidar_msg/package.zsh'
[0.556s] Level 1:colcon.colcon_core.environment:create_file_with_runtime_dependencies(/home/linfu/ros2_ws/install/rslidar_msg/share/colcon-core/packages/rslidar_msg)
[0.556s] INFO:colcon.colcon_ros.task.ament_cmake.build:Building ROS package in '/home/linfu/ros2_ws/src/rslidar_sdk' with build type 'ament_cmake'
[0.556s] INFO:colcon.colcon_cmake.task.cmake.build:Building CMake package in '/home/linfu/ros2_ws/src/rslidar_sdk'
[0.556s] INFO:colcon.colcon_core.shell:Skip shell extension 'powershell' for command environment: Not usable outside of PowerShell
[0.556s] DEBUG:colcon.colcon_core.shell:Skip shell extension 'dsv' for command environment
[0.566s] DEBUG:colcon.colcon_core.event_handler.log_command:Invoking command in '/home/linfu/ros2_ws/build/rslidar_sdk': CMAKE_PREFIX_PATH=/home/linfu/ros2_ws/install/rslidar_msg:/home/linfu/ros2_ws/install/rslidar_sdk:/home/linfu/ros2_ws/install/cone_detector:/home/linfu/catkin_ws/install/rslidar_sdk:/home/linfu/catkin_ws/install/rslidar_msg:/opt/ros/jazzy/opt/gz_math_vendor:/opt/ros/jazzy/opt/gz_utils_vendor:/opt/ros/jazzy/opt/gz_cmake_vendor:/opt/ros/jazzy DEBUGINFOD_URLS=https://debuginfod.ubuntu.com /usr/bin/cmake --build /home/linfu/ros2_ws/build/rslidar_sdk -- -j20 -l20
[0.646s] DEBUG:colcon.colcon_core.event_handler.log_command:Invoked command in '/home/linfu/ros2_ws/build/rslidar_sdk' returned '0': CMAKE_PREFIX_PATH=/home/linfu/ros2_ws/install/rslidar_msg:/home/linfu/ros2_ws/install/rslidar_sdk:/home/linfu/ros2_ws/install/cone_detector:/home/linfu/catkin_ws/install/rslidar_sdk:/home/linfu/catkin_ws/install/rslidar_msg:/opt/ros/jazzy/opt/gz_math_vendor:/opt/ros/jazzy/opt/gz_utils_vendor:/opt/ros/jazzy/opt/gz_cmake_vendor:/opt/ros/jazzy DEBUGINFOD_URLS=https://debuginfod.ubuntu.com /usr/bin/cmake --build /home/linfu/ros2_ws/build/rslidar_sdk -- -j20 -l20
[0.647s] DEBUG:colcon.colcon_core.event_handler.log_command:Invoking command in '/home/linfu/ros2_ws/build/rslidar_sdk': CMAKE_PREFIX_PATH=/home/linfu/ros2_ws/install/rslidar_msg:/home/linfu/ros2_ws/install/rslidar_sdk:/home/linfu/ros2_ws/install/cone_detector:/home/linfu/catkin_ws/install/rslidar_sdk:/home/linfu/catkin_ws/install/rslidar_msg:/opt/ros/jazzy/opt/gz_math_vendor:/opt/ros/jazzy/opt/gz_utils_vendor:/opt/ros/jazzy/opt/gz_cmake_vendor:/opt/ros/jazzy DEBUGINFOD_URLS=https://debuginfod.ubuntu.com /usr/bin/cmake --install /home/linfu/ros2_ws/build/rslidar_sdk
[0.655s] Level 1:colcon.colcon_core.environment:create_environment_scripts_only(rslidar_sdk)
[0.655s] Level 1:colcon.colcon_core.environment:checking '/home/linfu/ros2_ws/install/rslidar_sdk' for CMake module files
[0.656s] DEBUG:colcon.colcon_core.event_handler.log_command:Invoked command in '/home/linfu/ros2_ws/build/rslidar_sdk' returned '0': CMAKE_PREFIX_PATH=/home/linfu/ros2_ws/install/rslidar_msg:/home/linfu/ros2_ws/install/rslidar_sdk:/home/linfu/ros2_ws/install/cone_detector:/home/linfu/catkin_ws/install/rslidar_sdk:/home/linfu/catkin_ws/install/rslidar_msg:/opt/ros/jazzy/opt/gz_math_vendor:/opt/ros/jazzy/opt/gz_utils_vendor:/opt/ros/jazzy/opt/gz_cmake_vendor:/opt/ros/jazzy DEBUGINFOD_URLS=https://debuginfod.ubuntu.com /usr/bin/cmake --install /home/linfu/ros2_ws/build/rslidar_sdk
[0.656s] Level 1:colcon.colcon_core.environment:checking '/home/linfu/ros2_ws/install/rslidar_sdk' for CMake config files
[0.656s] Level 1:colcon.colcon_core.shell:create_environment_hook('rslidar_sdk', 'cmake_prefix_path')
[0.656s] INFO:colcon.colcon_core.shell:Creating environment hook '/home/linfu/ros2_ws/install/rslidar_sdk/share/rslidar_sdk/hook/cmake_prefix_path.ps1'
[0.657s] INFO:colcon.colcon_core.shell:Creating environment descriptor '/home/linfu/ros2_ws/install/rslidar_sdk/share/rslidar_sdk/hook/cmake_prefix_path.dsv'
[0.657s] INFO:colcon.colcon_core.shell:Creating environment hook '/home/linfu/ros2_ws/install/rslidar_sdk/share/rslidar_sdk/hook/cmake_prefix_path.sh'
[0.658s] Level 1:colcon.colcon_core.environment:checking '/home/linfu/ros2_ws/install/rslidar_sdk/lib'
[0.658s] Level 1:colcon.colcon_core.environment:checking '/home/linfu/ros2_ws/install/rslidar_sdk/bin'
[0.658s] Level 1:colcon.colcon_core.environment:checking '/home/linfu/ros2_ws/install/rslidar_sdk/lib/pkgconfig/rslidar_sdk.pc'
[0.658s] Level 1:colcon.colcon_core.environment:checking '/home/linfu/ros2_ws/install/rslidar_sdk/lib/python3.12/site-packages'
[0.658s] Level 1:colcon.colcon_core.environment:checking '/home/linfu/ros2_ws/install/rslidar_sdk/bin'
[0.659s] INFO:colcon.colcon_core.shell:Creating package script '/home/linfu/ros2_ws/install/rslidar_sdk/share/rslidar_sdk/package.ps1'
[0.659s] INFO:colcon.colcon_core.shell:Creating package descriptor '/home/linfu/ros2_ws/install/rslidar_sdk/share/rslidar_sdk/package.dsv'
[0.659s] INFO:colcon.colcon_core.shell:Creating package script '/home/linfu/ros2_ws/install/rslidar_sdk/share/rslidar_sdk/package.sh'
[0.660s] INFO:colcon.colcon_core.shell:Creating package script '/home/linfu/ros2_ws/install/rslidar_sdk/share/rslidar_sdk/package.bash'
[0.660s] INFO:colcon.colcon_core.shell:Creating package script '/home/linfu/ros2_ws/install/rslidar_sdk/share/rslidar_sdk/package.zsh'
[0.660s] Level 1:colcon.colcon_core.environment:create_file_with_runtime_dependencies(/home/linfu/ros2_ws/install/rslidar_sdk/share/colcon-core/packages/rslidar_sdk)
[0.660s] Level 1:colcon.colcon_core.environment:create_environment_scripts_only(rslidar_sdk)
[0.661s] Level 1:colcon.colcon_core.environment:checking '/home/linfu/ros2_ws/install/rslidar_sdk' for CMake module files
[0.661s] Level 1:colcon.colcon_core.environment:checking '/home/linfu/ros2_ws/install/rslidar_sdk' for CMake config files
[0.661s] Level 1:colcon.colcon_core.shell:create_environment_hook('rslidar_sdk', 'cmake_prefix_path')
[0.661s] INFO:colcon.colcon_core.shell:Creating environment hook '/home/linfu/ros2_ws/install/rslidar_sdk/share/rslidar_sdk/hook/cmake_prefix_path.ps1'
[0.661s] INFO:colcon.colcon_core.shell:Creating environment descriptor '/home/linfu/ros2_ws/install/rslidar_sdk/share/rslidar_sdk/hook/cmake_prefix_path.dsv'
[0.662s] INFO:colcon.colcon_core.shell:Creating environment hook '/home/linfu/ros2_ws/install/rslidar_sdk/share/rslidar_sdk/hook/cmake_prefix_path.sh'
[0.662s] Level 1:colcon.colcon_core.environment:checking '/home/linfu/ros2_ws/install/rslidar_sdk/lib'
[0.662s] Level 1:colcon.colcon_core.environment:checking '/home/linfu/ros2_ws/install/rslidar_sdk/bin'
[0.662s] Level 1:colcon.colcon_core.environment:checking '/home/linfu/ros2_ws/install/rslidar_sdk/lib/pkgconfig/rslidar_sdk.pc'
[0.662s] Level 1:colcon.colcon_core.environment:checking '/home/linfu/ros2_ws/install/rslidar_sdk/lib/python3.12/site-packages'
[0.663s] Level 1:colcon.colcon_core.environment:checking '/home/linfu/ros2_ws/install/rslidar_sdk/bin'
[0.663s] INFO:colcon.colcon_core.shell:Creating package script '/home/linfu/ros2_ws/install/rslidar_sdk/share/rslidar_sdk/package.ps1'
[0.663s] INFO:colcon.colcon_core.shell:Creating package descriptor '/home/linfu/ros2_ws/install/rslidar_sdk/share/rslidar_sdk/package.dsv'
[0.664s] INFO:colcon.colcon_core.shell:Creating package script '/home/linfu/ros2_ws/install/rslidar_sdk/share/rslidar_sdk/package.sh'
[0.664s] INFO:colcon.colcon_core.shell:Creating package script '/home/linfu/ros2_ws/install/rslidar_sdk/share/rslidar_sdk/package.bash'
[0.664s] INFO:colcon.colcon_core.shell:Creating package script '/home/linfu/ros2_ws/install/rslidar_sdk/share/rslidar_sdk/package.zsh'
[0.664s] Level 1:colcon.colcon_core.environment:create_file_with_runtime_dependencies(/home/linfu/ros2_ws/install/rslidar_sdk/share/colcon-core/packages/rslidar_sdk)
[15.051s] DEBUG:colcon.colcon_core.event_handler.log_command:Invoked command in '/home/linfu/ros2_ws/build/cone_detector' returned '0': CMAKE_PREFIX_PATH=${CMAKE_PREFIX_PATH}:/opt/ros/jazzy DEBUGINFOD_URLS=https://debuginfod.ubuntu.com /usr/bin/cmake --build /home/linfu/ros2_ws/build/cone_detector -- -j20 -l20
[15.052s] DEBUG:colcon.colcon_core.event_handler.log_command:Invoking command in '/home/linfu/ros2_ws/build/cone_detector': CMAKE_PREFIX_PATH=${CMAKE_PREFIX_PATH}:/opt/ros/jazzy DEBUGINFOD_URLS=https://debuginfod.ubuntu.com /usr/bin/cmake --install /home/linfu/ros2_ws/build/cone_detector
[15.064s] Level 1:colcon.colcon_core.environment:create_environment_scripts_only(cone_detector)
[15.064s] Level 1:colcon.colcon_core.environment:checking '/home/linfu/ros2_ws/install/cone_detector' for CMake module files
[15.064s] DEBUG:colcon.colcon_core.event_handler.log_command:Invoked command in '/home/linfu/ros2_ws/build/cone_detector' returned '0': CMAKE_PREFIX_PATH=${CMAKE_PREFIX_PATH}:/opt/ros/jazzy DEBUGINFOD_URLS=https://debuginfod.ubuntu.com /usr/bin/cmake --install /home/linfu/ros2_ws/build/cone_detector
[15.065s] Level 1:colcon.colcon_core.environment:checking '/home/linfu/ros2_ws/install/cone_detector' for CMake config files
[15.065s] Level 1:colcon.colcon_core.shell:create_environment_hook('cone_detector', 'cmake_prefix_path')
[15.065s] INFO:colcon.colcon_core.shell:Creating environment hook '/home/linfu/ros2_ws/install/cone_detector/share/cone_detector/hook/cmake_prefix_path.ps1'
[15.065s] INFO:colcon.colcon_core.shell:Creating environment descriptor '/home/linfu/ros2_ws/install/cone_detector/share/cone_detector/hook/cmake_prefix_path.dsv'
[15.065s] INFO:colcon.colcon_core.shell:Creating environment hook '/home/linfu/ros2_ws/install/cone_detector/share/cone_detector/hook/cmake_prefix_path.sh'
[15.066s] Level 1:colcon.colcon_core.environment:checking '/home/linfu/ros2_ws/install/cone_detector/lib'
[15.066s] Level 1:colcon.colcon_core.environment:checking '/home/linfu/ros2_ws/install/cone_detector/bin'
[15.066s] Level 1:colcon.colcon_core.environment:checking '/home/linfu/ros2_ws/install/cone_detector/lib/pkgconfig/cone_detector.pc'
[15.066s] Level 1:colcon.colcon_core.environment:checking '/home/linfu/ros2_ws/install/cone_detector/lib/python3.12/site-packages'
[15.066s] Level 1:colcon.colcon_core.environment:checking '/home/linfu/ros2_ws/install/cone_detector/bin'
[15.066s] INFO:colcon.colcon_core.shell:Creating package script '/home/linfu/ros2_ws/install/cone_detector/share/cone_detector/package.ps1'
[15.067s] INFO:colcon.colcon_core.shell:Creating package descriptor '/home/linfu/ros2_ws/install/cone_detector/share/cone_detector/package.dsv'
[15.067s] INFO:colcon.colcon_core.shell:Creating package script '/home/linfu/ros2_ws/install/cone_detector/share/cone_detector/package.sh'
[15.067s] INFO:colcon.colcon_core.shell:Creating package script '/home/linfu/ros2_ws/install/cone_detector/share/cone_detector/package.bash'
[15.068s] INFO:colcon.colcon_core.shell:Creating package script '/home/linfu/ros2_ws/install/cone_detector/share/cone_detector/package.zsh'
[15.068s] Level 1:colcon.colcon_core.environment:create_file_with_runtime_dependencies(/home/linfu/ros2_ws/install/cone_detector/share/colcon-core/packages/cone_detector)
[15.068s] Level 1:colcon.colcon_core.environment:create_environment_scripts_only(cone_detector)
[15.068s] Level 1:colcon.colcon_core.environment:checking '/home/linfu/ros2_ws/install/cone_detector' for CMake module files
[15.069s] Level 1:colcon.colcon_core.environment:checking '/home/linfu/ros2_ws/install/cone_detector' for CMake config files
[15.069s] Level 1:colcon.colcon_core.shell:create_environment_hook('cone_detector', 'cmake_prefix_path')
[15.069s] INFO:colcon.colcon_core.shell:Creating environment hook '/home/linfu/ros2_ws/install/cone_detector/share/cone_detector/hook/cmake_prefix_path.ps1'
[15.069s] INFO:colcon.colcon_core.shell:Creating environment descriptor '/home/linfu/ros2_ws/install/cone_detector/share/cone_detector/hook/cmake_prefix_path.dsv'
[15.069s] INFO:colcon.colcon_core.shell:Creating environment hook '/home/linfu/ros2_ws/install/cone_detector/share/cone_detector/hook/cmake_prefix_path.sh'
[15.070s] Level 1:colcon.colcon_core.environment:checking '/home/linfu/ros2_ws/install/cone_detector/lib'
[15.070s] Level 1:colcon.colcon_core.environment:checking '/home/linfu/ros2_ws/install/cone_detector/bin'
[15.070s] Level 1:colcon.colcon_core.environment:checking '/home/linfu/ros2_ws/install/cone_detector/lib/pkgconfig/cone_detector.pc'
[15.070s] Level 1:colcon.colcon_core.environment:checking '/home/linfu/ros2_ws/install/cone_detector/lib/python3.12/site-packages'
[15.070s] Level 1:colcon.colcon_core.environment:checking '/home/linfu/ros2_ws/install/cone_detector/bin'
[15.070s] INFO:colcon.colcon_core.shell:Creating package script '/home/linfu/ros2_ws/install/cone_detector/share/cone_detector/package.ps1'
[15.070s] INFO:colcon.colcon_core.shell:Creating package descriptor '/home/linfu/ros2_ws/install/cone_detector/share/cone_detector/package.dsv'
[15.071s] INFO:colcon.colcon_core.shell:Creating package script '/home/linfu/ros2_ws/install/cone_detector/share/cone_detector/package.sh'
[15.071s] INFO:colcon.colcon_core.shell:Creating package script '/home/linfu/ros2_ws/install/cone_detector/share/cone_detector/package.bash'
[15.071s] INFO:colcon.colcon_core.shell:Creating package script '/home/linfu/ros2_ws/install/cone_detector/share/cone_detector/package.zsh'
[15.071s] Level 1:colcon.colcon_core.environment:create_file_with_runtime_dependencies(/home/linfu/ros2_ws/install/cone_detector/share/colcon-core/packages/cone_detector)
[15.072s] DEBUG:colcon.colcon_parallel_executor.executor.parallel:closing loop
[15.072s] DEBUG:colcon.colcon_parallel_executor.executor.parallel:loop closed
[15.072s] DEBUG:colcon.colcon_parallel_executor.executor.parallel:run_until_complete finished with '0'
[15.072s] DEBUG:colcon.colcon_core.event_reactor:joining thread
[15.076s] INFO:colcon.colcon_core.plugin_system:Skipping extension 'colcon_notification.desktop_notification.terminal_notifier': Not used on non-Darwin systems
[15.076s] INFO:colcon.colcon_core.plugin_system:Skipping extension 'colcon_notification.desktop_notification.win32': Not used on non-Windows systems
[15.076s] INFO:colcon.colcon_notification.desktop_notification:Sending desktop notification using 'notify2'
[15.093s] DEBUG:colcon.colcon_core.event_reactor:joined thread
[15.094s] INFO:colcon.colcon_core.shell:Creating prefix script '/home/linfu/ros2_ws/install/local_setup.ps1'
[15.094s] INFO:colcon.colcon_core.shell:Creating prefix util module '/home/linfu/ros2_ws/install/_local_setup_util_ps1.py'
[15.095s] INFO:colcon.colcon_core.shell:Creating prefix chain script '/home/linfu/ros2_ws/install/setup.ps1'
[15.096s] INFO:colcon.colcon_core.shell:Creating prefix script '/home/linfu/ros2_ws/install/local_setup.sh'
[15.097s] INFO:colcon.colcon_core.shell:Creating prefix util module '/home/linfu/ros2_ws/install/_local_setup_util_sh.py'
[15.097s] INFO:colcon.colcon_core.shell:Creating prefix chain script '/home/linfu/ros2_ws/install/setup.sh'
[15.098s] INFO:colcon.colcon_core.shell:Creating prefix script '/home/linfu/ros2_ws/install/local_setup.bash'
[15.098s] INFO:colcon.colcon_core.shell:Creating prefix chain script '/home/linfu/ros2_ws/install/setup.bash'
[15.098s] INFO:colcon.colcon_core.shell:Creating prefix script '/home/linfu/ros2_ws/install/local_setup.zsh'
[15.099s] INFO:colcon.colcon_core.shell:Creating prefix chain script '/home/linfu/ros2_ws/install/setup.zsh'
