[0.011s] Invoking command in '/home/linfu/ros2_ws/build/cone_detector': CMAKE_PREFIX_PATH=${CMAKE_PREFIX_PATH}:/opt/ros/jazzy DEBUGINFOD_URLS=https://debuginfod.ubuntu.com /usr/bin/cmake /home/linfu/ros2_ws/src/cone_detector -DCMAKE_INSTALL_PREFIX=/home/linfu/ros2_ws/install/cone_detector
[0.081s] -- The C compiler identification is GNU 13.3.0
[0.148s] -- The CXX compiler identification is GNU 13.3.0
[0.170s] -- Detecting C compiler ABI info
[0.287s] -- Detecting C compiler ABI info - done
[0.299s] -- Check for working C compiler: /usr/bin/cc - skipped
[0.300s] -- Detecting C compile features
[0.300s] -- Detecting C compile features - done
[0.312s] -- Detecting CXX compiler ABI info
[0.453s] -- Detecting CXX compiler ABI info - done
[0.469s] -- Check for working CXX compiler: /usr/bin/c++ - skipped
[0.470s] -- Detecting CXX compile features
[0.470s] -- Detecting CXX compile features - done
[0.473s] -- Found ament_cmake: 2.5.6 (/opt/ros/jazzy/share/ament_cmake/cmake)
[0.655s] -- Found Python3: /usr/bin/python3 (found version "3.12.3") found components: Interpreter 
[0.799s] -- Found rclcpp: 28.1.18 (/opt/ros/jazzy/share/rclcpp/cmake)
[0.846s] -- Found rosidl_generator_c: 4.6.7 (/opt/ros/jazzy/share/rosidl_generator_c/cmake)
[0.862s] -- Found rosidl_generator_cpp: 4.6.7 (/opt/ros/jazzy/share/rosidl_generator_cpp/cmake)
[0.879s] -- Using all available rosidl_typesupport_c: rosidl_typesupport_fastrtps_c;rosidl_typesupport_introspection_c
[0.900s] -- Using all available rosidl_typesupport_cpp: rosidl_typesupport_fastrtps_cpp;rosidl_typesupport_introspection_cpp
[0.992s] -- Found rmw_implementation_cmake: 7.3.3 (/opt/ros/jazzy/share/rmw_implementation_cmake/cmake)
[0.995s] -- Found rmw_fastrtps_cpp: 8.4.3 (/opt/ros/jazzy/share/rmw_fastrtps_cpp/cmake)
[1.100s] -- Found OpenSSL: /usr/lib/x86_64-linux-gnu/libcrypto.so (found version "3.0.13")  
[1.127s] -- Found FastRTPS: /opt/ros/jazzy/include (Required is at least version "2.13") 
[1.165s] -- Using RMW implementation 'rmw_fastrtps_cpp' as default
[1.265s] -- Found sensor_msgs: 5.3.7 (/opt/ros/jazzy/share/sensor_msgs/cmake)
[1.349s] -- Found visualization_msgs: 5.3.7 (/opt/ros/jazzy/share/visualization_msgs/cmake)
[1.392s] -- Found pcl_conversions: 2.6.4 (/opt/ros/jazzy/share/pcl_conversions/cmake)
[1.493s] [33mCMake Warning (dev) at /usr/lib/x86_64-linux-gnu/cmake/pcl/Modules/FindFLANN.cmake:45 (find_package):
[1.493s]   Policy CMP0144 is not set: find_package uses upper-case <PACKAGENAME>_ROOT
[1.493s]   variables.  Run "cmake --help-policy CMP0144" for policy details.  Use the
[1.493s]   cmake_policy command to set the policy and suppress this warning.
[1.493s] 
[1.494s]   CMake variable FLANN_ROOT is set to:
[1.494s] 
[1.494s]     /usr
[1.494s] 
[1.494s]   For compatibility, find_package is ignoring the variable, but code in a
[1.494s]   .cmake module might still use it.
[1.495s] Call Stack (most recent call first):
[1.495s]   /usr/lib/x86_64-linux-gnu/cmake/pcl/PCLConfig.cmake:261 (find_package)
[1.495s]   /usr/lib/x86_64-linux-gnu/cmake/pcl/PCLConfig.cmake:306 (find_flann)
[1.495s]   /usr/lib/x86_64-linux-gnu/cmake/pcl/PCLConfig.cmake:570 (find_external_library)
[1.495s]   /opt/ros/jazzy/share/pcl_conversions/cmake/ament_cmake_export_dependencies-extras.cmake:21 (find_package)
[1.495s]   /opt/ros/jazzy/share/pcl_conversions/cmake/pcl_conversionsConfig.cmake:41 (include)
[1.496s]   CMakeLists.txt:13 (find_package)
[1.496s] This warning is for project developers.  Use -Wno-dev to suppress it.
[1.496s] [0m
[1.496s] -- Found flann version 1.9.2
[1.934s] -- Found OpenMP_CXX: -fopenmp (found version "4.5") 
[1.935s] -- Found OpenMP: TRUE (found version "4.5") found components: CXX 
[3.802s] -- Checking for module 'libusb-1.0'
[3.824s] --   Found libusb-1.0, version 1.0.27
[3.871s] -- Found libusb: /usr/lib/x86_64-linux-gnu/libusb-1.0.so  
[3.873s] -- OpenNI found (version: 1.5.4.0, include: /usr/include/ni, lib: /usr/lib/libOpenNI.so;libusb::libusb)
[3.946s] -- OpenNI2 found (version: 2.2.0.33, include: /usr/include/openni2, lib: /usr/lib/x86_64-linux-gnu/libOpenNI2.so;libusb::libusb)
[3.950s] -- Found Pcap: /usr/lib/x86_64-linux-gnu/libpcap.so  
[3.968s] -- Found ZLIB: /usr/lib/x86_64-linux-gnu/libz.so (found version "1.3")  
[3.993s] -- Found PNG: /usr/lib/x86_64-linux-gnu/libpng.so (found version "1.6.43") 
[4.604s] -- OpenNI found (version: 1.5.4.0, include: /usr/include/ni, lib: /usr/lib/libOpenNI.so;libusb::libusb)
[4.614s] -- OpenNI2 found (version: 2.2.0.33, include: /usr/include/openni2, lib: /usr/lib/x86_64-linux-gnu/libOpenNI2.so;libusb::libusb)
[5.278s] -- Found Qhull version 8.0.2
[6.259s] -- OpenNI found (version: 1.5.4.0, include: /usr/include/ni, lib: /usr/lib/libOpenNI.so;libusb::libusb)
[7.000s] -- Found PCL_COMMON: /usr/lib/x86_64-linux-gnu/libpcl_common.so  
[7.002s] -- Found PCL_KDTREE: /usr/lib/x86_64-linux-gnu/libpcl_kdtree.so  
[7.003s] -- Found PCL_OCTREE: /usr/lib/x86_64-linux-gnu/libpcl_octree.so  
[7.005s] -- Found PCL_SEARCH: /usr/lib/x86_64-linux-gnu/libpcl_search.so  
[7.006s] -- Found PCL_SAMPLE_CONSENSUS: /usr/lib/x86_64-linux-gnu/libpcl_sample_consensus.so  
[7.008s] -- Found PCL_FILTERS: /usr/lib/x86_64-linux-gnu/libpcl_filters.so  
[7.009s] -- Found PCL_2D: /usr/include/pcl-1.14  
[7.009s] -- Found PCL_GEOMETRY: /usr/include/pcl-1.14  
[7.011s] -- Found PCL_IO: /usr/lib/x86_64-linux-gnu/libpcl_io.so  
[7.012s] -- Found PCL_FEATURES: /usr/lib/x86_64-linux-gnu/libpcl_features.so  
[7.014s] -- Found PCL_ML: /usr/lib/x86_64-linux-gnu/libpcl_ml.so  
[7.015s] -- Found PCL_SEGMENTATION: /usr/lib/x86_64-linux-gnu/libpcl_segmentation.so  
[7.017s] -- Found PCL_VISUALIZATION: /usr/lib/x86_64-linux-gnu/libpcl_visualization.so  
[7.019s] -- Found PCL_SURFACE: /usr/lib/x86_64-linux-gnu/libpcl_surface.so  
[7.020s] -- Found PCL_REGISTRATION: /usr/lib/x86_64-linux-gnu/libpcl_registration.so  
[7.022s] -- Found PCL_KEYPOINTS: /usr/lib/x86_64-linux-gnu/libpcl_keypoints.so  
[7.024s] -- Found PCL_TRACKING: /usr/lib/x86_64-linux-gnu/libpcl_tracking.so  
[7.025s] -- Found PCL_RECOGNITION: /usr/lib/x86_64-linux-gnu/libpcl_recognition.so  
[7.027s] -- Found PCL_STEREO: /usr/lib/x86_64-linux-gnu/libpcl_stereo.so  
[7.029s] -- Found PCL_APPS: /usr/lib/x86_64-linux-gnu/libpcl_apps.so  
[7.030s] -- Found PCL_IN_HAND_SCANNER: /usr/include/pcl-1.14  
[7.031s] -- Found PCL_MODELER: /usr/include/pcl-1.14  
[7.031s] -- Found PCL_POINT_CLOUD_EDITOR: /usr/include/pcl-1.14  
[7.033s] -- Found PCL_OUTOFCORE: /usr/lib/x86_64-linux-gnu/libpcl_outofcore.so  
[7.035s] -- Found PCL_PEOPLE: /usr/lib/x86_64-linux-gnu/libpcl_people.so  
[7.038s] [33mCMake Warning (dev) at CMakeLists.txt:14 (find_package):
[7.038s]   Policy CMP0074 is not set: find_package uses <PackageName>_ROOT variables.
[7.039s]   Run "cmake --help-policy CMP0074" for policy details.  Use the cmake_policy
[7.039s]   command to set the policy and suppress this warning.
[7.039s] 
[7.039s]   CMake variable PCL_ROOT is set to:
[7.039s] 
[7.039s]     /usr
[7.039s] 
[7.040s]   For compatibility, CMake is ignoring the variable.
[7.040s] This warning is for project developers.  Use -Wno-dev to suppress it.
[7.040s] [0m
[7.216s] -- Configuring done (7.2s)
[7.269s] -- Generating done (0.0s)
[7.277s] -- Build files have been written to: /home/linfu/ros2_ws/build/cone_detector
[7.313s] Invoked command in '/home/linfu/ros2_ws/build/cone_detector' returned '0': CMAKE_PREFIX_PATH=${CMAKE_PREFIX_PATH}:/opt/ros/jazzy DEBUGINFOD_URLS=https://debuginfod.ubuntu.com /usr/bin/cmake /home/linfu/ros2_ws/src/cone_detector -DCMAKE_INSTALL_PREFIX=/home/linfu/ros2_ws/install/cone_detector
[7.314s] Invoking command in '/home/linfu/ros2_ws/build/cone_detector': CMAKE_PREFIX_PATH=${CMAKE_PREFIX_PATH}:/opt/ros/jazzy DEBUGINFOD_URLS=https://debuginfod.ubuntu.com /usr/bin/cmake --build /home/linfu/ros2_ws/build/cone_detector -- -j20 -l20
[7.364s] -- Found ament_cmake: 2.5.6 (/opt/ros/jazzy/share/ament_cmake/cmake)
[7.685s] -- Found rclcpp: 28.1.18 (/opt/ros/jazzy/share/rclcpp/cmake)
[7.729s] -- Found rosidl_generator_c: 4.6.7 (/opt/ros/jazzy/share/rosidl_generator_c/cmake)
[7.744s] -- Found rosidl_generator_cpp: 4.6.7 (/opt/ros/jazzy/share/rosidl_generator_cpp/cmake)
[7.764s] -- Using all available rosidl_typesupport_c: rosidl_typesupport_fastrtps_c;rosidl_typesupport_introspection_c
[7.787s] -- Using all available rosidl_typesupport_cpp: rosidl_typesupport_fastrtps_cpp;rosidl_typesupport_introspection_cpp
[7.881s] -- Found rmw_implementation_cmake: 7.3.3 (/opt/ros/jazzy/share/rmw_implementation_cmake/cmake)
[7.883s] -- Found rmw_fastrtps_cpp: 8.4.3 (/opt/ros/jazzy/share/rmw_fastrtps_cpp/cmake)
[7.982s] -- Using RMW implementation 'rmw_fastrtps_cpp' as default
[8.077s] -- Found sensor_msgs: 5.3.7 (/opt/ros/jazzy/share/sensor_msgs/cmake)
[8.161s] -- Found visualization_msgs: 5.3.7 (/opt/ros/jazzy/share/visualization_msgs/cmake)
[8.204s] -- Found pcl_conversions: 2.6.4 (/opt/ros/jazzy/share/pcl_conversions/cmake)
[8.279s] [33mCMake Warning (dev) at /usr/lib/x86_64-linux-gnu/cmake/pcl/Modules/FindFLANN.cmake:45 (find_package):
[8.279s]   Policy CMP0144 is not set: find_package uses upper-case <PACKAGENAME>_ROOT
[8.280s]   variables.  Run "cmake --help-policy CMP0144" for policy details.  Use the
[8.280s]   cmake_policy command to set the policy and suppress this warning.
[8.280s] 
[8.280s]   CMake variable FLANN_ROOT is set to:
[8.280s] 
[8.280s]     /usr
[8.280s] 
[8.281s]   For compatibility, find_package is ignoring the variable, but code in a
[8.281s]   .cmake module might still use it.
[8.281s] Call Stack (most recent call first):
[8.281s]   /usr/lib/x86_64-linux-gnu/cmake/pcl/PCLConfig.cmake:261 (find_package)
[8.281s]   /usr/lib/x86_64-linux-gnu/cmake/pcl/PCLConfig.cmake:306 (find_flann)
[8.282s]   /usr/lib/x86_64-linux-gnu/cmake/pcl/PCLConfig.cmake:570 (find_external_library)
[8.282s]   /opt/ros/jazzy/share/pcl_conversions/cmake/ament_cmake_export_dependencies-extras.cmake:21 (find_package)
[8.282s]   /opt/ros/jazzy/share/pcl_conversions/cmake/pcl_conversionsConfig.cmake:41 (include)
[8.282s]   CMakeLists.txt:13 (find_package)
[8.282s] This warning is for project developers.  Use -Wno-dev to suppress it.
[8.282s] [0m
[8.282s] -- Found flann version 1.9.2
[8.913s] -- OpenNI found (version: 1.5.4.0, include: /usr/include/ni, lib: /usr/lib/libOpenNI.so;libusb::libusb)
[8.921s] -- OpenNI2 found (version: 2.2.0.33, include: /usr/include/openni2, lib: /usr/lib/x86_64-linux-gnu/libOpenNI2.so;libusb::libusb)
[9.574s] -- OpenNI found (version: 1.5.4.0, include: /usr/include/ni, lib: /usr/lib/libOpenNI.so;libusb::libusb)
[9.585s] -- OpenNI2 found (version: 2.2.0.33, include: /usr/include/openni2, lib: /usr/lib/x86_64-linux-gnu/libOpenNI2.so;libusb::libusb)
[10.179s] -- Found Qhull version 8.0.2
[10.882s] -- OpenNI found (version: 1.5.4.0, include: /usr/include/ni, lib: /usr/lib/libOpenNI.so;libusb::libusb)
[11.542s] [33mCMake Warning (dev) at CMakeLists.txt:14 (find_package):
[11.542s]   Policy CMP0074 is not set: find_package uses <PackageName>_ROOT variables.
[11.542s]   Run "cmake --help-policy CMP0074" for policy details.  Use the cmake_policy
[11.542s]   command to set the policy and suppress this warning.
[11.542s] 
[11.543s]   CMake variable PCL_ROOT is set to:
[11.543s] 
[11.543s]     /usr
[11.543s] 
[11.543s]   For compatibility, CMake is ignoring the variable.
[11.543s] This warning is for project developers.  Use -Wno-dev to suppress it.
[11.543s] [0m
[11.728s] -- Configuring done (4.4s)
[11.786s] -- Generating done (0.0s)
[11.795s] -- Build files have been written to: /home/linfu/ros2_ws/build/cone_detector
[11.853s] gmake[2]: Warning: File '/home/linfu/ros2_ws/src/cone_detector/src/cone_detector_node.cpp' has modification time 11932 s in the future
[11.865s] [ 50%] [32mBuilding CXX object CMakeFiles/cone_detector_node.dir/src/cone_detector_node.cpp.o[0m
[30.685s] [100%] [32m[1mLinking CXX executable cone_detector_node[0m
[32.773s] gmake[2]: warning:  Clock skew detected.  Your build may be incomplete.
[32.785s] [100%] Built target cone_detector_node
[32.802s] Invoked command in '/home/linfu/ros2_ws/build/cone_detector' returned '0': CMAKE_PREFIX_PATH=${CMAKE_PREFIX_PATH}:/opt/ros/jazzy DEBUGINFOD_URLS=https://debuginfod.ubuntu.com /usr/bin/cmake --build /home/linfu/ros2_ws/build/cone_detector -- -j20 -l20
[32.803s] Invoking command in '/home/linfu/ros2_ws/build/cone_detector': CMAKE_PREFIX_PATH=${CMAKE_PREFIX_PATH}:/opt/ros/jazzy DEBUGINFOD_URLS=https://debuginfod.ubuntu.com /usr/bin/cmake --install /home/linfu/ros2_ws/build/cone_detector
[32.814s] -- Install configuration: ""
[32.815s] -- Installing: /home/linfu/ros2_ws/install/cone_detector/lib/cone_detector/cone_detector_node
[32.819s] -- Set non-toolchain portion of runtime path of "/home/linfu/ros2_ws/install/cone_detector/lib/cone_detector/cone_detector_node" to ""
[32.819s] -- Installing: /home/linfu/ros2_ws/install/cone_detector/share/cone_detector/launch
[32.820s] -- Installing: /home/linfu/ros2_ws/install/cone_detector/share/cone_detector/launch/cone_detector.launch.py
[32.820s] -- Installing: /home/linfu/ros2_ws/install/cone_detector/share/cone_detector/config
[32.820s] -- Installing: /home/linfu/ros2_ws/install/cone_detector/share/cone_detector/config/params.yaml
[32.820s] -- Installing: /home/linfu/ros2_ws/install/cone_detector/share/ament_index/resource_index/package_run_dependencies/cone_detector
[32.820s] -- Installing: /home/linfu/ros2_ws/install/cone_detector/share/ament_index/resource_index/parent_prefix_path/cone_detector
[32.820s] -- Installing: /home/linfu/ros2_ws/install/cone_detector/share/cone_detector/environment/ament_prefix_path.sh
[32.821s] -- Installing: /home/linfu/ros2_ws/install/cone_detector/share/cone_detector/environment/ament_prefix_path.dsv
[32.821s] -- Installing: /home/linfu/ros2_ws/install/cone_detector/share/cone_detector/environment/path.sh
[32.821s] -- Installing: /home/linfu/ros2_ws/install/cone_detector/share/cone_detector/environment/path.dsv
[32.821s] -- Installing: /home/linfu/ros2_ws/install/cone_detector/share/cone_detector/local_setup.bash
[32.821s] -- Installing: /home/linfu/ros2_ws/install/cone_detector/share/cone_detector/local_setup.sh
[32.821s] -- Installing: /home/linfu/ros2_ws/install/cone_detector/share/cone_detector/local_setup.zsh
[32.821s] -- Installing: /home/linfu/ros2_ws/install/cone_detector/share/cone_detector/local_setup.dsv
[32.822s] -- Installing: /home/linfu/ros2_ws/install/cone_detector/share/cone_detector/package.dsv
[32.822s] -- Installing: /home/linfu/ros2_ws/install/cone_detector/share/ament_index/resource_index/packages/cone_detector
[32.822s] -- Installing: /home/linfu/ros2_ws/install/cone_detector/share/cone_detector/cmake/cone_detectorConfig.cmake
[32.822s] -- Installing: /home/linfu/ros2_ws/install/cone_detector/share/cone_detector/cmake/cone_detectorConfig-version.cmake
[32.822s] -- Installing: /home/linfu/ros2_ws/install/cone_detector/share/cone_detector/package.xml
[32.823s] Invoked command in '/home/linfu/ros2_ws/build/cone_detector' returned '0': CMAKE_PREFIX_PATH=${CMAKE_PREFIX_PATH}:/opt/ros/jazzy DEBUGINFOD_URLS=https://debuginfod.ubuntu.com /usr/bin/cmake --install /home/linfu/ros2_ws/build/cone_detector
