[0.138s] DEBUG:colcon:Command line arguments: ['/usr/bin/colcon', 'build']
[0.138s] DEBUG:colcon:Parsed command line arguments: Namespace(log_base=None, log_level=None, verb_name='build', build_base='build', install_base='install', merge_install=False, symlink_install=False, test_result_base=None, continue_on_error=False, executor='parallel', parallel_workers=20, event_handlers=None, ignore_user_meta=False, metas=['./colcon.meta'], base_paths=['.'], packages_ignore=None, packages_ignore_regex=None, paths=None, packages_up_to=None, packages_up_to_regex=None, packages_above=None, packages_above_and_dependencies=None, packages_above_depth=None, packages_select_by_dep=None, packages_skip_by_dep=None, packages_skip_up_to=None, packages_select_build_failed=False, packages_skip_build_finished=False, packages_select_test_failures=False, packages_skip_test_passed=False, packages_select=None, packages_skip=None, packages_select_regex=None, packages_skip_regex=None, packages_start=None, packages_end=None, allow_overriding=[], cmake_args=None, cmake_target=None, cmake_target_skip_unavailable=False, cmake_clean_cache=False, cmake_clean_first=False, cmake_force_configure=False, ament_cmake_args=None, catkin_cmake_args=None, catkin_skip_building_tests=False, verb_parser=<colcon_defaults.argument_parser.defaults.DefaultArgumentsDecorator object at 0x7ee4487665d0>, verb_extension=<colcon_core.verb.build.BuildVerb object at 0x7ee4488e3f50>, main=<bound method BuildVerb.main of <colcon_core.verb.build.BuildVerb object at 0x7ee4488e3f50>>)
[0.178s] Level 1:colcon.colcon_core.package_discovery:discover_packages(colcon_meta) check parameters
[0.178s] Level 1:colcon.colcon_core.package_discovery:discover_packages(recursive) check parameters
[0.178s] Level 1:colcon.colcon_core.package_discovery:discover_packages(ignore) check parameters
[0.178s] Level 1:colcon.colcon_core.package_discovery:discover_packages(path) check parameters
[0.178s] Level 1:colcon.colcon_core.package_discovery:discover_packages(colcon_meta) discover
[0.178s] Level 1:colcon.colcon_core.package_discovery:discover_packages(recursive) discover
[0.178s] INFO:colcon.colcon_core.package_discovery:Crawling recursively for packages in '/home/linfu/ros2_ws'
[0.178s] Level 1:colcon.colcon_core.package_identification:_identify(.) by extensions ['ignore', 'ignore_ament_install']
[0.178s] Level 1:colcon.colcon_core.package_identification:_identify(.) by extension 'ignore'
[0.178s] Level 1:colcon.colcon_core.package_identification:_identify(.) by extension 'ignore_ament_install'
[0.178s] Level 1:colcon.colcon_core.package_identification:_identify(.) by extensions ['colcon_pkg']
[0.178s] Level 1:colcon.colcon_core.package_identification:_identify(.) by extension 'colcon_pkg'
[0.178s] Level 1:colcon.colcon_core.package_identification:_identify(.) by extensions ['colcon_meta']
[0.178s] Level 1:colcon.colcon_core.package_identification:_identify(.) by extension 'colcon_meta'
[0.178s] Level 1:colcon.colcon_core.package_identification:_identify(.) by extensions ['ros']
[0.178s] Level 1:colcon.colcon_core.package_identification:_identify(.) by extension 'ros'
[0.204s] Level 1:colcon.colcon_core.package_identification:_identify(.) by extensions ['cmake', 'python']
[0.204s] Level 1:colcon.colcon_core.package_identification:_identify(.) by extension 'cmake'
[0.204s] Level 1:colcon.colcon_core.package_identification:_identify(.) by extension 'python'
[0.204s] Level 1:colcon.colcon_core.package_identification:_identify(.) by extensions ['python_setup_py']
[0.204s] Level 1:colcon.colcon_core.package_identification:_identify(.) by extension 'python_setup_py'
[0.204s] Level 1:colcon.colcon_core.package_identification:_identify(build) by extensions ['ignore', 'ignore_ament_install']
[0.205s] Level 1:colcon.colcon_core.package_identification:_identify(build) by extension 'ignore'
[0.205s] Level 1:colcon.colcon_core.package_identification:_identify(build) ignored
[0.205s] Level 1:colcon.colcon_core.package_identification:_identify(install) by extensions ['ignore', 'ignore_ament_install']
[0.205s] Level 1:colcon.colcon_core.package_identification:_identify(install) by extension 'ignore'
[0.205s] Level 1:colcon.colcon_core.package_identification:_identify(install) ignored
[0.205s] Level 1:colcon.colcon_core.package_identification:_identify(log) by extensions ['ignore', 'ignore_ament_install']
[0.205s] Level 1:colcon.colcon_core.package_identification:_identify(log) by extension 'ignore'
[0.205s] Level 1:colcon.colcon_core.package_identification:_identify(log) ignored
[0.205s] Level 1:colcon.colcon_core.package_identification:_identify(src) by extensions ['ignore', 'ignore_ament_install']
[0.205s] Level 1:colcon.colcon_core.package_identification:_identify(src) by extension 'ignore'
[0.205s] Level 1:colcon.colcon_core.package_identification:_identify(src) by extension 'ignore_ament_install'
[0.205s] Level 1:colcon.colcon_core.package_identification:_identify(src) by extensions ['colcon_pkg']
[0.205s] Level 1:colcon.colcon_core.package_identification:_identify(src) by extension 'colcon_pkg'
[0.205s] Level 1:colcon.colcon_core.package_identification:_identify(src) by extensions ['colcon_meta']
[0.205s] Level 1:colcon.colcon_core.package_identification:_identify(src) by extension 'colcon_meta'
[0.205s] Level 1:colcon.colcon_core.package_identification:_identify(src) by extensions ['ros']
[0.205s] Level 1:colcon.colcon_core.package_identification:_identify(src) by extension 'ros'
[0.205s] Level 1:colcon.colcon_core.package_identification:_identify(src) by extensions ['cmake', 'python']
[0.205s] Level 1:colcon.colcon_core.package_identification:_identify(src) by extension 'cmake'
[0.206s] Level 1:colcon.colcon_core.package_identification:_identify(src) by extension 'python'
[0.206s] Level 1:colcon.colcon_core.package_identification:_identify(src) by extensions ['python_setup_py']
[0.206s] Level 1:colcon.colcon_core.package_identification:_identify(src) by extension 'python_setup_py'
[0.206s] Level 1:colcon.colcon_core.package_identification:_identify(src/cone_detector) by extensions ['ignore', 'ignore_ament_install']
[0.206s] Level 1:colcon.colcon_core.package_identification:_identify(src/cone_detector) by extension 'ignore'
[0.206s] Level 1:colcon.colcon_core.package_identification:_identify(src/cone_detector) by extension 'ignore_ament_install'
[0.206s] Level 1:colcon.colcon_core.package_identification:_identify(src/cone_detector) by extensions ['colcon_pkg']
[0.206s] Level 1:colcon.colcon_core.package_identification:_identify(src/cone_detector) by extension 'colcon_pkg'
[0.206s] Level 1:colcon.colcon_core.package_identification:_identify(src/cone_detector) by extensions ['colcon_meta']
[0.206s] Level 1:colcon.colcon_core.package_identification:_identify(src/cone_detector) by extension 'colcon_meta'
[0.206s] Level 1:colcon.colcon_core.package_identification:_identify(src/cone_detector) by extensions ['ros']
[0.206s] Level 1:colcon.colcon_core.package_identification:_identify(src/cone_detector) by extension 'ros'
[0.209s] DEBUG:colcon.colcon_core.package_identification:Package 'src/cone_detector' with type 'ros.ament_cmake' and name 'cone_detector'
[0.209s] Level 1:colcon.colcon_core.package_identification:_identify(src/rslidar_msg-master) by extensions ['ignore', 'ignore_ament_install']
[0.209s] Level 1:colcon.colcon_core.package_identification:_identify(src/rslidar_msg-master) by extension 'ignore'
[0.209s] Level 1:colcon.colcon_core.package_identification:_identify(src/rslidar_msg-master) by extension 'ignore_ament_install'
[0.209s] Level 1:colcon.colcon_core.package_identification:_identify(src/rslidar_msg-master) by extensions ['colcon_pkg']
[0.209s] Level 1:colcon.colcon_core.package_identification:_identify(src/rslidar_msg-master) by extension 'colcon_pkg'
[0.209s] Level 1:colcon.colcon_core.package_identification:_identify(src/rslidar_msg-master) by extensions ['colcon_meta']
[0.209s] Level 1:colcon.colcon_core.package_identification:_identify(src/rslidar_msg-master) by extension 'colcon_meta'
[0.209s] Level 1:colcon.colcon_core.package_identification:_identify(src/rslidar_msg-master) by extensions ['ros']
[0.209s] Level 1:colcon.colcon_core.package_identification:_identify(src/rslidar_msg-master) by extension 'ros'
[0.210s] DEBUG:colcon.colcon_core.package_identification:Package 'src/rslidar_msg-master' with type 'ros.ament_cmake' and name 'rslidar_msg'
[0.210s] Level 1:colcon.colcon_core.package_identification:_identify(src/rslidar_sdk) by extensions ['ignore', 'ignore_ament_install']
[0.210s] Level 1:colcon.colcon_core.package_identification:_identify(src/rslidar_sdk) by extension 'ignore'
[0.210s] Level 1:colcon.colcon_core.package_identification:_identify(src/rslidar_sdk) by extension 'ignore_ament_install'
[0.210s] Level 1:colcon.colcon_core.package_identification:_identify(src/rslidar_sdk) by extensions ['colcon_pkg']
[0.210s] Level 1:colcon.colcon_core.package_identification:_identify(src/rslidar_sdk) by extension 'colcon_pkg'
[0.210s] Level 1:colcon.colcon_core.package_identification:_identify(src/rslidar_sdk) by extensions ['colcon_meta']
[0.210s] Level 1:colcon.colcon_core.package_identification:_identify(src/rslidar_sdk) by extension 'colcon_meta'
[0.210s] Level 1:colcon.colcon_core.package_identification:_identify(src/rslidar_sdk) by extensions ['ros']
[0.210s] Level 1:colcon.colcon_core.package_identification:_identify(src/rslidar_sdk) by extension 'ros'
[0.217s] DEBUG:colcon.colcon_core.package_identification:Package 'src/rslidar_sdk' with type 'ros.ament_cmake' and name 'rslidar_sdk'
[0.217s] Level 1:colcon.colcon_core.package_discovery:discover_packages(recursive) using defaults
[0.217s] Level 1:colcon.colcon_core.package_discovery:discover_packages(ignore) discover
[0.217s] Level 1:colcon.colcon_core.package_discovery:discover_packages(ignore) using defaults
[0.217s] Level 1:colcon.colcon_core.package_discovery:discover_packages(path) discover
[0.217s] Level 1:colcon.colcon_core.package_discovery:discover_packages(path) using defaults
[0.238s] Level 1:colcon.colcon_core.package_discovery:discover_packages(prefix_path) check parameters
[0.238s] Level 1:colcon.colcon_core.package_discovery:discover_packages(prefix_path) discover
[0.240s] DEBUG:colcon.colcon_installed_package_information.package_discovery:Found 2 installed packages in /home/linfu/catkin_ws/install
[0.241s] DEBUG:colcon.colcon_installed_package_information.package_discovery:Found 221 installed packages in /opt/ros/jazzy
[0.242s] Level 1:colcon.colcon_core.package_discovery:discover_packages(prefix_path) using defaults
[0.269s] Level 5:colcon.colcon_core.verb:set package 'cone_detector' build argument 'cmake_args' from command line to 'None'
[0.269s] Level 5:colcon.colcon_core.verb:set package 'cone_detector' build argument 'cmake_target' from command line to 'None'
[0.269s] Level 5:colcon.colcon_core.verb:set package 'cone_detector' build argument 'cmake_target_skip_unavailable' from command line to 'False'
[0.269s] Level 5:colcon.colcon_core.verb:set package 'cone_detector' build argument 'cmake_clean_cache' from command line to 'False'
[0.269s] Level 5:colcon.colcon_core.verb:set package 'cone_detector' build argument 'cmake_clean_first' from command line to 'False'
[0.269s] Level 5:colcon.colcon_core.verb:set package 'cone_detector' build argument 'cmake_force_configure' from command line to 'False'
[0.269s] Level 5:colcon.colcon_core.verb:set package 'cone_detector' build argument 'ament_cmake_args' from command line to 'None'
[0.269s] Level 5:colcon.colcon_core.verb:set package 'cone_detector' build argument 'catkin_cmake_args' from command line to 'None'
[0.269s] Level 5:colcon.colcon_core.verb:set package 'cone_detector' build argument 'catkin_skip_building_tests' from command line to 'False'
[0.269s] DEBUG:colcon.colcon_core.verb:Building package 'cone_detector' with the following arguments: {'ament_cmake_args': None, 'build_base': '/home/linfu/ros2_ws/build/cone_detector', 'catkin_cmake_args': None, 'catkin_skip_building_tests': False, 'cmake_args': None, 'cmake_clean_cache': False, 'cmake_clean_first': False, 'cmake_force_configure': False, 'cmake_target': None, 'cmake_target_skip_unavailable': False, 'install_base': '/home/linfu/ros2_ws/install/cone_detector', 'merge_install': False, 'path': '/home/linfu/ros2_ws/src/cone_detector', 'symlink_install': False, 'test_result_base': None}
[0.270s] Level 5:colcon.colcon_core.verb:set package 'rslidar_msg' build argument 'cmake_args' from command line to 'None'
[0.270s] Level 5:colcon.colcon_core.verb:set package 'rslidar_msg' build argument 'cmake_target' from command line to 'None'
[0.270s] Level 5:colcon.colcon_core.verb:set package 'rslidar_msg' build argument 'cmake_target_skip_unavailable' from command line to 'False'
[0.270s] Level 5:colcon.colcon_core.verb:set package 'rslidar_msg' build argument 'cmake_clean_cache' from command line to 'False'
[0.270s] Level 5:colcon.colcon_core.verb:set package 'rslidar_msg' build argument 'cmake_clean_first' from command line to 'False'
[0.270s] Level 5:colcon.colcon_core.verb:set package 'rslidar_msg' build argument 'cmake_force_configure' from command line to 'False'
[0.270s] Level 5:colcon.colcon_core.verb:set package 'rslidar_msg' build argument 'ament_cmake_args' from command line to 'None'
[0.270s] Level 5:colcon.colcon_core.verb:set package 'rslidar_msg' build argument 'catkin_cmake_args' from command line to 'None'
[0.270s] Level 5:colcon.colcon_core.verb:set package 'rslidar_msg' build argument 'catkin_skip_building_tests' from command line to 'False'
[0.270s] DEBUG:colcon.colcon_core.verb:Building package 'rslidar_msg' with the following arguments: {'ament_cmake_args': None, 'build_base': '/home/linfu/ros2_ws/build/rslidar_msg', 'catkin_cmake_args': None, 'catkin_skip_building_tests': False, 'cmake_args': None, 'cmake_clean_cache': False, 'cmake_clean_first': False, 'cmake_force_configure': False, 'cmake_target': None, 'cmake_target_skip_unavailable': False, 'install_base': '/home/linfu/ros2_ws/install/rslidar_msg', 'merge_install': False, 'path': '/home/linfu/ros2_ws/src/rslidar_msg-master', 'symlink_install': False, 'test_result_base': None}
[0.270s] Level 5:colcon.colcon_core.verb:set package 'rslidar_sdk' build argument 'cmake_args' from command line to 'None'
[0.270s] Level 5:colcon.colcon_core.verb:set package 'rslidar_sdk' build argument 'cmake_target' from command line to 'None'
[0.270s] Level 5:colcon.colcon_core.verb:set package 'rslidar_sdk' build argument 'cmake_target_skip_unavailable' from command line to 'False'
[0.270s] Level 5:colcon.colcon_core.verb:set package 'rslidar_sdk' build argument 'cmake_clean_cache' from command line to 'False'
[0.270s] Level 5:colcon.colcon_core.verb:set package 'rslidar_sdk' build argument 'cmake_clean_first' from command line to 'False'
[0.270s] Level 5:colcon.colcon_core.verb:set package 'rslidar_sdk' build argument 'cmake_force_configure' from command line to 'False'
[0.270s] Level 5:colcon.colcon_core.verb:set package 'rslidar_sdk' build argument 'ament_cmake_args' from command line to 'None'
[0.270s] Level 5:colcon.colcon_core.verb:set package 'rslidar_sdk' build argument 'catkin_cmake_args' from command line to 'None'
[0.270s] Level 5:colcon.colcon_core.verb:set package 'rslidar_sdk' build argument 'catkin_skip_building_tests' from command line to 'False'
[0.270s] DEBUG:colcon.colcon_core.verb:Building package 'rslidar_sdk' with the following arguments: {'ament_cmake_args': None, 'build_base': '/home/linfu/ros2_ws/build/rslidar_sdk', 'catkin_cmake_args': None, 'catkin_skip_building_tests': False, 'cmake_args': None, 'cmake_clean_cache': False, 'cmake_clean_first': False, 'cmake_force_configure': False, 'cmake_target': None, 'cmake_target_skip_unavailable': False, 'install_base': '/home/linfu/ros2_ws/install/rslidar_sdk', 'merge_install': False, 'path': '/home/linfu/ros2_ws/src/rslidar_sdk', 'symlink_install': False, 'test_result_base': None}
[0.270s] INFO:colcon.colcon_core.executor:Executing jobs using 'parallel' executor
[0.271s] DEBUG:colcon.colcon_parallel_executor.executor.parallel:run_until_complete
[0.271s] INFO:colcon.colcon_ros.task.ament_cmake.build:Building ROS package in '/home/linfu/ros2_ws/src/rslidar_msg-master' with build type 'ament_cmake'
[0.271s] INFO:colcon.colcon_cmake.task.cmake.build:Building CMake package in '/home/linfu/ros2_ws/src/rslidar_msg-master'
[0.274s] INFO:colcon.colcon_core.plugin_system:Skipping extension 'colcon_core.shell.bat': Not used on non-Windows systems
[0.274s] INFO:colcon.colcon_core.shell:Skip shell extension 'powershell' for command environment: Not usable outside of PowerShell
[0.274s] DEBUG:colcon.colcon_core.shell:Skip shell extension 'dsv' for command environment
[0.277s] INFO:colcon.colcon_ros.task.ament_cmake.build:Building ROS package in '/home/linfu/ros2_ws/src/cone_detector' with build type 'ament_cmake'
[0.277s] INFO:colcon.colcon_cmake.task.cmake.build:Building CMake package in '/home/linfu/ros2_ws/src/cone_detector'
[0.278s] INFO:colcon.colcon_core.shell:Skip shell extension 'powershell' for command environment: Not usable outside of PowerShell
[0.278s] DEBUG:colcon.colcon_core.shell:Skip shell extension 'dsv' for command environment
[0.285s] DEBUG:colcon.colcon_core.event_handler.log_command:Invoking command in '/home/linfu/ros2_ws/build/rslidar_msg': CMAKE_PREFIX_PATH=${CMAKE_PREFIX_PATH}:/opt/ros/jazzy DEBUGINFOD_URLS=https://debuginfod.ubuntu.com /usr/bin/cmake /home/linfu/ros2_ws/src/rslidar_msg-master -DCMAKE_INSTALL_PREFIX=/home/linfu/ros2_ws/install/rslidar_msg
[0.289s] DEBUG:colcon.colcon_core.event_handler.log_command:Invoking command in '/home/linfu/ros2_ws/build/cone_detector': CMAKE_PREFIX_PATH=${CMAKE_PREFIX_PATH}:/opt/ros/jazzy DEBUGINFOD_URLS=https://debuginfod.ubuntu.com /usr/bin/cmake /home/linfu/ros2_ws/src/cone_detector -DCMAKE_INSTALL_PREFIX=/home/linfu/ros2_ws/install/cone_detector
[4.794s] DEBUG:colcon.colcon_core.event_handler.log_command:Invoked command in '/home/linfu/ros2_ws/build/rslidar_msg' returned '0': CMAKE_PREFIX_PATH=${CMAKE_PREFIX_PATH}:/opt/ros/jazzy DEBUGINFOD_URLS=https://debuginfod.ubuntu.com /usr/bin/cmake /home/linfu/ros2_ws/src/rslidar_msg-master -DCMAKE_INSTALL_PREFIX=/home/linfu/ros2_ws/install/rslidar_msg
[4.796s] DEBUG:colcon.colcon_core.event_handler.log_command:Invoking command in '/home/linfu/ros2_ws/build/rslidar_msg': CMAKE_PREFIX_PATH=${CMAKE_PREFIX_PATH}:/opt/ros/jazzy DEBUGINFOD_URLS=https://debuginfod.ubuntu.com /usr/bin/cmake --build /home/linfu/ros2_ws/build/rslidar_msg -- -j20 -l20
[7.591s] DEBUG:colcon.colcon_core.event_handler.log_command:Invoked command in '/home/linfu/ros2_ws/build/cone_detector' returned '0': CMAKE_PREFIX_PATH=${CMAKE_PREFIX_PATH}:/opt/ros/jazzy DEBUGINFOD_URLS=https://debuginfod.ubuntu.com /usr/bin/cmake /home/linfu/ros2_ws/src/cone_detector -DCMAKE_INSTALL_PREFIX=/home/linfu/ros2_ws/install/cone_detector
[7.592s] DEBUG:colcon.colcon_core.event_handler.log_command:Invoking command in '/home/linfu/ros2_ws/build/cone_detector': CMAKE_PREFIX_PATH=${CMAKE_PREFIX_PATH}:/opt/ros/jazzy DEBUGINFOD_URLS=https://debuginfod.ubuntu.com /usr/bin/cmake --build /home/linfu/ros2_ws/build/cone_detector -- -j20 -l20
[8.067s] DEBUG:colcon.colcon_core.event_handler.log_command:Invoked command in '/home/linfu/ros2_ws/build/rslidar_msg' returned '0': CMAKE_PREFIX_PATH=${CMAKE_PREFIX_PATH}:/opt/ros/jazzy DEBUGINFOD_URLS=https://debuginfod.ubuntu.com /usr/bin/cmake --build /home/linfu/ros2_ws/build/rslidar_msg -- -j20 -l20
[8.084s] DEBUG:colcon.colcon_core.event_handler.log_command:Invoking command in '/home/linfu/ros2_ws/build/rslidar_msg': CMAKE_PREFIX_PATH=${CMAKE_PREFIX_PATH}:/opt/ros/jazzy DEBUGINFOD_URLS=https://debuginfod.ubuntu.com /usr/bin/cmake --install /home/linfu/ros2_ws/build/rslidar_msg
[8.176s] Level 1:colcon.colcon_core.environment:create_environment_scripts_only(rslidar_msg)
[8.176s] DEBUG:colcon.colcon_core.event_handler.log_command:Invoked command in '/home/linfu/ros2_ws/build/rslidar_msg' returned '0': CMAKE_PREFIX_PATH=${CMAKE_PREFIX_PATH}:/opt/ros/jazzy DEBUGINFOD_URLS=https://debuginfod.ubuntu.com /usr/bin/cmake --install /home/linfu/ros2_ws/build/rslidar_msg
[8.179s] Level 1:colcon.colcon_core.environment:checking '/home/linfu/ros2_ws/install/rslidar_msg' for CMake module files
[8.179s] Level 1:colcon.colcon_core.environment:checking '/home/linfu/ros2_ws/install/rslidar_msg' for CMake config files
[8.180s] Level 1:colcon.colcon_core.shell:create_environment_hook('rslidar_msg', 'cmake_prefix_path')
[8.180s] INFO:colcon.colcon_core.shell:Creating environment hook '/home/linfu/ros2_ws/install/rslidar_msg/share/rslidar_msg/hook/cmake_prefix_path.ps1'
[8.181s] INFO:colcon.colcon_core.shell:Creating environment descriptor '/home/linfu/ros2_ws/install/rslidar_msg/share/rslidar_msg/hook/cmake_prefix_path.dsv'
[8.181s] INFO:colcon.colcon_core.shell:Creating environment hook '/home/linfu/ros2_ws/install/rslidar_msg/share/rslidar_msg/hook/cmake_prefix_path.sh'
[8.182s] Level 1:colcon.colcon_core.environment:checking '/home/linfu/ros2_ws/install/rslidar_msg/lib'
[8.182s] Level 1:colcon.colcon_core.shell:create_environment_hook('rslidar_msg', 'ld_library_path_lib')
[8.182s] INFO:colcon.colcon_core.shell:Creating environment hook '/home/linfu/ros2_ws/install/rslidar_msg/share/rslidar_msg/hook/ld_library_path_lib.ps1'
[8.183s] INFO:colcon.colcon_core.shell:Creating environment descriptor '/home/linfu/ros2_ws/install/rslidar_msg/share/rslidar_msg/hook/ld_library_path_lib.dsv'
[8.183s] INFO:colcon.colcon_core.shell:Creating environment hook '/home/linfu/ros2_ws/install/rslidar_msg/share/rslidar_msg/hook/ld_library_path_lib.sh'
[8.183s] Level 1:colcon.colcon_core.environment:checking '/home/linfu/ros2_ws/install/rslidar_msg/bin'
[8.183s] Level 1:colcon.colcon_core.environment:checking '/home/linfu/ros2_ws/install/rslidar_msg/lib/pkgconfig/rslidar_msg.pc'
[8.184s] Level 1:colcon.colcon_core.environment:checking '/home/linfu/ros2_ws/install/rslidar_msg/lib/python3.12/site-packages'
[8.184s] Level 1:colcon.colcon_core.shell:create_environment_hook('rslidar_msg', 'pythonpath')
[8.184s] INFO:colcon.colcon_core.shell:Creating environment hook '/home/linfu/ros2_ws/install/rslidar_msg/share/rslidar_msg/hook/pythonpath.ps1'
[8.185s] INFO:colcon.colcon_core.shell:Creating environment descriptor '/home/linfu/ros2_ws/install/rslidar_msg/share/rslidar_msg/hook/pythonpath.dsv'
[8.185s] INFO:colcon.colcon_core.shell:Creating environment hook '/home/linfu/ros2_ws/install/rslidar_msg/share/rslidar_msg/hook/pythonpath.sh'
[8.186s] Level 1:colcon.colcon_core.environment:checking '/home/linfu/ros2_ws/install/rslidar_msg/bin'
[8.186s] INFO:colcon.colcon_core.shell:Creating package script '/home/linfu/ros2_ws/install/rslidar_msg/share/rslidar_msg/package.ps1'
[8.187s] INFO:colcon.colcon_core.shell:Creating package descriptor '/home/linfu/ros2_ws/install/rslidar_msg/share/rslidar_msg/package.dsv'
[8.188s] INFO:colcon.colcon_core.shell:Creating package script '/home/linfu/ros2_ws/install/rslidar_msg/share/rslidar_msg/package.sh'
[8.189s] INFO:colcon.colcon_core.shell:Creating package script '/home/linfu/ros2_ws/install/rslidar_msg/share/rslidar_msg/package.bash'
[8.190s] INFO:colcon.colcon_core.shell:Creating package script '/home/linfu/ros2_ws/install/rslidar_msg/share/rslidar_msg/package.zsh'
[8.191s] Level 1:colcon.colcon_core.environment:create_file_with_runtime_dependencies(/home/linfu/ros2_ws/install/rslidar_msg/share/colcon-core/packages/rslidar_msg)
[8.191s] Level 1:colcon.colcon_core.environment:create_environment_scripts_only(rslidar_msg)
[8.192s] Level 1:colcon.colcon_core.environment:checking '/home/linfu/ros2_ws/install/rslidar_msg' for CMake module files
[8.192s] Level 1:colcon.colcon_core.environment:checking '/home/linfu/ros2_ws/install/rslidar_msg' for CMake config files
[8.193s] Level 1:colcon.colcon_core.shell:create_environment_hook('rslidar_msg', 'cmake_prefix_path')
[8.193s] INFO:colcon.colcon_core.shell:Creating environment hook '/home/linfu/ros2_ws/install/rslidar_msg/share/rslidar_msg/hook/cmake_prefix_path.ps1'
[8.193s] INFO:colcon.colcon_core.shell:Creating environment descriptor '/home/linfu/ros2_ws/install/rslidar_msg/share/rslidar_msg/hook/cmake_prefix_path.dsv'
[8.194s] INFO:colcon.colcon_core.shell:Creating environment hook '/home/linfu/ros2_ws/install/rslidar_msg/share/rslidar_msg/hook/cmake_prefix_path.sh'
[8.194s] Level 1:colcon.colcon_core.environment:checking '/home/linfu/ros2_ws/install/rslidar_msg/lib'
[8.195s] Level 1:colcon.colcon_core.shell:create_environment_hook('rslidar_msg', 'ld_library_path_lib')
[8.195s] INFO:colcon.colcon_core.shell:Creating environment hook '/home/linfu/ros2_ws/install/rslidar_msg/share/rslidar_msg/hook/ld_library_path_lib.ps1'
[8.195s] INFO:colcon.colcon_core.shell:Creating environment descriptor '/home/linfu/ros2_ws/install/rslidar_msg/share/rslidar_msg/hook/ld_library_path_lib.dsv'
[8.196s] INFO:colcon.colcon_core.shell:Creating environment hook '/home/linfu/ros2_ws/install/rslidar_msg/share/rslidar_msg/hook/ld_library_path_lib.sh'
[8.196s] Level 1:colcon.colcon_core.environment:checking '/home/linfu/ros2_ws/install/rslidar_msg/bin'
[8.196s] Level 1:colcon.colcon_core.environment:checking '/home/linfu/ros2_ws/install/rslidar_msg/lib/pkgconfig/rslidar_msg.pc'
[8.196s] Level 1:colcon.colcon_core.environment:checking '/home/linfu/ros2_ws/install/rslidar_msg/lib/python3.12/site-packages'
[8.196s] Level 1:colcon.colcon_core.shell:create_environment_hook('rslidar_msg', 'pythonpath')
[8.197s] INFO:colcon.colcon_core.shell:Creating environment hook '/home/linfu/ros2_ws/install/rslidar_msg/share/rslidar_msg/hook/pythonpath.ps1'
[8.197s] INFO:colcon.colcon_core.shell:Creating environment descriptor '/home/linfu/ros2_ws/install/rslidar_msg/share/rslidar_msg/hook/pythonpath.dsv'
[8.198s] INFO:colcon.colcon_core.shell:Creating environment hook '/home/linfu/ros2_ws/install/rslidar_msg/share/rslidar_msg/hook/pythonpath.sh'
[8.199s] Level 1:colcon.colcon_core.environment:checking '/home/linfu/ros2_ws/install/rslidar_msg/bin'
[8.199s] INFO:colcon.colcon_core.shell:Creating package script '/home/linfu/ros2_ws/install/rslidar_msg/share/rslidar_msg/package.ps1'
[8.200s] INFO:colcon.colcon_core.shell:Creating package descriptor '/home/linfu/ros2_ws/install/rslidar_msg/share/rslidar_msg/package.dsv'
[8.200s] INFO:colcon.colcon_core.shell:Creating package script '/home/linfu/ros2_ws/install/rslidar_msg/share/rslidar_msg/package.sh'
[8.201s] INFO:colcon.colcon_core.shell:Creating package script '/home/linfu/ros2_ws/install/rslidar_msg/share/rslidar_msg/package.bash'
[8.201s] INFO:colcon.colcon_core.shell:Creating package script '/home/linfu/ros2_ws/install/rslidar_msg/share/rslidar_msg/package.zsh'
[8.202s] Level 1:colcon.colcon_core.environment:create_file_with_runtime_dependencies(/home/linfu/ros2_ws/install/rslidar_msg/share/colcon-core/packages/rslidar_msg)
[8.202s] INFO:colcon.colcon_ros.task.ament_cmake.build:Building ROS package in '/home/linfu/ros2_ws/src/rslidar_sdk' with build type 'ament_cmake'
[8.202s] INFO:colcon.colcon_cmake.task.cmake.build:Building CMake package in '/home/linfu/ros2_ws/src/rslidar_sdk'
[8.203s] INFO:colcon.colcon_core.shell:Skip shell extension 'powershell' for command environment: Not usable outside of PowerShell
[8.203s] DEBUG:colcon.colcon_core.shell:Skip shell extension 'dsv' for command environment
[8.216s] DEBUG:colcon.colcon_core.event_handler.log_command:Invoking command in '/home/linfu/ros2_ws/build/rslidar_sdk': AMENT_PREFIX_PATH=/home/linfu/ros2_ws/install/rslidar_msg:${AMENT_PREFIX_PATH} CMAKE_PREFIX_PATH=/home/linfu/ros2_ws/install/rslidar_msg:/home/linfu/catkin_ws/install/rslidar_sdk:/home/linfu/catkin_ws/install/rslidar_msg:/opt/ros/jazzy/opt/gz_math_vendor:/opt/ros/jazzy/opt/gz_utils_vendor:/opt/ros/jazzy/opt/gz_cmake_vendor:/opt/ros/jazzy DEBUGINFOD_URLS=https://debuginfod.ubuntu.com LD_LIBRARY_PATH=/home/linfu/ros2_ws/install/rslidar_msg/lib:${LD_LIBRARY_PATH} PYTHONPATH=/home/linfu/ros2_ws/install/rslidar_msg/lib/python3.12/site-packages:${PYTHONPATH} /usr/bin/cmake /home/linfu/ros2_ws/src/rslidar_sdk -DCMAKE_INSTALL_PREFIX=/home/linfu/ros2_ws/install/rslidar_sdk
[9.905s] DEBUG:colcon.colcon_core.event_handler.log_command:Invoked command in '/home/linfu/ros2_ws/build/rslidar_sdk' returned '0': AMENT_PREFIX_PATH=/home/linfu/ros2_ws/install/rslidar_msg:${AMENT_PREFIX_PATH} CMAKE_PREFIX_PATH=/home/linfu/ros2_ws/install/rslidar_msg:/home/linfu/catkin_ws/install/rslidar_sdk:/home/linfu/catkin_ws/install/rslidar_msg:/opt/ros/jazzy/opt/gz_math_vendor:/opt/ros/jazzy/opt/gz_utils_vendor:/opt/ros/jazzy/opt/gz_cmake_vendor:/opt/ros/jazzy DEBUGINFOD_URLS=https://debuginfod.ubuntu.com LD_LIBRARY_PATH=/home/linfu/ros2_ws/install/rslidar_msg/lib:${LD_LIBRARY_PATH} PYTHONPATH=/home/linfu/ros2_ws/install/rslidar_msg/lib/python3.12/site-packages:${PYTHONPATH} /usr/bin/cmake /home/linfu/ros2_ws/src/rslidar_sdk -DCMAKE_INSTALL_PREFIX=/home/linfu/ros2_ws/install/rslidar_sdk
[9.905s] DEBUG:colcon.colcon_core.event_handler.log_command:Invoking command in '/home/linfu/ros2_ws/build/rslidar_sdk': AMENT_PREFIX_PATH=/home/linfu/ros2_ws/install/rslidar_msg:${AMENT_PREFIX_PATH} CMAKE_PREFIX_PATH=/home/linfu/ros2_ws/install/rslidar_msg:/home/linfu/catkin_ws/install/rslidar_sdk:/home/linfu/catkin_ws/install/rslidar_msg:/opt/ros/jazzy/opt/gz_math_vendor:/opt/ros/jazzy/opt/gz_utils_vendor:/opt/ros/jazzy/opt/gz_cmake_vendor:/opt/ros/jazzy DEBUGINFOD_URLS=https://debuginfod.ubuntu.com LD_LIBRARY_PATH=/home/linfu/ros2_ws/install/rslidar_msg/lib:${LD_LIBRARY_PATH} PYTHONPATH=/home/linfu/ros2_ws/install/rslidar_msg/lib/python3.12/site-packages:${PYTHONPATH} /usr/bin/cmake --build /home/linfu/ros2_ws/build/rslidar_sdk -- -j20 -l20
[33.080s] DEBUG:colcon.colcon_core.event_handler.log_command:Invoked command in '/home/linfu/ros2_ws/build/cone_detector' returned '0': CMAKE_PREFIX_PATH=${CMAKE_PREFIX_PATH}:/opt/ros/jazzy DEBUGINFOD_URLS=https://debuginfod.ubuntu.com /usr/bin/cmake --build /home/linfu/ros2_ws/build/cone_detector -- -j20 -l20
[33.081s] DEBUG:colcon.colcon_core.event_handler.log_command:Invoking command in '/home/linfu/ros2_ws/build/cone_detector': CMAKE_PREFIX_PATH=${CMAKE_PREFIX_PATH}:/opt/ros/jazzy DEBUGINFOD_URLS=https://debuginfod.ubuntu.com /usr/bin/cmake --install /home/linfu/ros2_ws/build/cone_detector
[33.101s] Level 1:colcon.colcon_core.environment:create_environment_scripts_only(cone_detector)
[33.101s] Level 1:colcon.colcon_core.environment:checking '/home/linfu/ros2_ws/install/cone_detector' for CMake module files
[33.101s] DEBUG:colcon.colcon_core.event_handler.log_command:Invoked command in '/home/linfu/ros2_ws/build/cone_detector' returned '0': CMAKE_PREFIX_PATH=${CMAKE_PREFIX_PATH}:/opt/ros/jazzy DEBUGINFOD_URLS=https://debuginfod.ubuntu.com /usr/bin/cmake --install /home/linfu/ros2_ws/build/cone_detector
[33.102s] Level 1:colcon.colcon_core.environment:checking '/home/linfu/ros2_ws/install/cone_detector' for CMake config files
[33.103s] Level 1:colcon.colcon_core.shell:create_environment_hook('cone_detector', 'cmake_prefix_path')
[33.103s] INFO:colcon.colcon_core.shell:Creating environment hook '/home/linfu/ros2_ws/install/cone_detector/share/cone_detector/hook/cmake_prefix_path.ps1'
[33.104s] INFO:colcon.colcon_core.shell:Creating environment descriptor '/home/linfu/ros2_ws/install/cone_detector/share/cone_detector/hook/cmake_prefix_path.dsv'
[33.104s] INFO:colcon.colcon_core.shell:Creating environment hook '/home/linfu/ros2_ws/install/cone_detector/share/cone_detector/hook/cmake_prefix_path.sh'
[33.105s] Level 1:colcon.colcon_core.environment:checking '/home/linfu/ros2_ws/install/cone_detector/lib'
[33.105s] Level 1:colcon.colcon_core.environment:checking '/home/linfu/ros2_ws/install/cone_detector/bin'
[33.105s] Level 1:colcon.colcon_core.environment:checking '/home/linfu/ros2_ws/install/cone_detector/lib/pkgconfig/cone_detector.pc'
[33.105s] Level 1:colcon.colcon_core.environment:checking '/home/linfu/ros2_ws/install/cone_detector/lib/python3.12/site-packages'
[33.105s] Level 1:colcon.colcon_core.environment:checking '/home/linfu/ros2_ws/install/cone_detector/bin'
[33.106s] INFO:colcon.colcon_core.shell:Creating package script '/home/linfu/ros2_ws/install/cone_detector/share/cone_detector/package.ps1'
[33.106s] INFO:colcon.colcon_core.shell:Creating package descriptor '/home/linfu/ros2_ws/install/cone_detector/share/cone_detector/package.dsv'
[33.107s] INFO:colcon.colcon_core.shell:Creating package script '/home/linfu/ros2_ws/install/cone_detector/share/cone_detector/package.sh'
[33.107s] INFO:colcon.colcon_core.shell:Creating package script '/home/linfu/ros2_ws/install/cone_detector/share/cone_detector/package.bash'
[33.107s] INFO:colcon.colcon_core.shell:Creating package script '/home/linfu/ros2_ws/install/cone_detector/share/cone_detector/package.zsh'
[33.108s] Level 1:colcon.colcon_core.environment:create_file_with_runtime_dependencies(/home/linfu/ros2_ws/install/cone_detector/share/colcon-core/packages/cone_detector)
[33.108s] Level 1:colcon.colcon_core.environment:create_environment_scripts_only(cone_detector)
[33.109s] Level 1:colcon.colcon_core.environment:checking '/home/linfu/ros2_ws/install/cone_detector' for CMake module files
[33.109s] Level 1:colcon.colcon_core.environment:checking '/home/linfu/ros2_ws/install/cone_detector' for CMake config files
[33.109s] Level 1:colcon.colcon_core.shell:create_environment_hook('cone_detector', 'cmake_prefix_path')
[33.110s] INFO:colcon.colcon_core.shell:Creating environment hook '/home/linfu/ros2_ws/install/cone_detector/share/cone_detector/hook/cmake_prefix_path.ps1'
[33.110s] INFO:colcon.colcon_core.shell:Creating environment descriptor '/home/linfu/ros2_ws/install/cone_detector/share/cone_detector/hook/cmake_prefix_path.dsv'
[33.110s] INFO:colcon.colcon_core.shell:Creating environment hook '/home/linfu/ros2_ws/install/cone_detector/share/cone_detector/hook/cmake_prefix_path.sh'
[33.111s] Level 1:colcon.colcon_core.environment:checking '/home/linfu/ros2_ws/install/cone_detector/lib'
[33.111s] Level 1:colcon.colcon_core.environment:checking '/home/linfu/ros2_ws/install/cone_detector/bin'
[33.111s] Level 1:colcon.colcon_core.environment:checking '/home/linfu/ros2_ws/install/cone_detector/lib/pkgconfig/cone_detector.pc'
[33.111s] Level 1:colcon.colcon_core.environment:checking '/home/linfu/ros2_ws/install/cone_detector/lib/python3.12/site-packages'
[33.112s] Level 1:colcon.colcon_core.environment:checking '/home/linfu/ros2_ws/install/cone_detector/bin'
[33.112s] INFO:colcon.colcon_core.shell:Creating package script '/home/linfu/ros2_ws/install/cone_detector/share/cone_detector/package.ps1'
[33.113s] INFO:colcon.colcon_core.shell:Creating package descriptor '/home/linfu/ros2_ws/install/cone_detector/share/cone_detector/package.dsv'
[33.114s] INFO:colcon.colcon_core.shell:Creating package script '/home/linfu/ros2_ws/install/cone_detector/share/cone_detector/package.sh'
[33.114s] INFO:colcon.colcon_core.shell:Creating package script '/home/linfu/ros2_ws/install/cone_detector/share/cone_detector/package.bash'
[33.114s] INFO:colcon.colcon_core.shell:Creating package script '/home/linfu/ros2_ws/install/cone_detector/share/cone_detector/package.zsh'
[33.115s] Level 1:colcon.colcon_core.environment:create_file_with_runtime_dependencies(/home/linfu/ros2_ws/install/cone_detector/share/colcon-core/packages/cone_detector)
[39.894s] DEBUG:colcon.colcon_core.event_handler.log_command:Invoked command in '/home/linfu/ros2_ws/build/rslidar_sdk' returned '0': AMENT_PREFIX_PATH=/home/linfu/ros2_ws/install/rslidar_msg:${AMENT_PREFIX_PATH} CMAKE_PREFIX_PATH=/home/linfu/ros2_ws/install/rslidar_msg:/home/linfu/catkin_ws/install/rslidar_sdk:/home/linfu/catkin_ws/install/rslidar_msg:/opt/ros/jazzy/opt/gz_math_vendor:/opt/ros/jazzy/opt/gz_utils_vendor:/opt/ros/jazzy/opt/gz_cmake_vendor:/opt/ros/jazzy DEBUGINFOD_URLS=https://debuginfod.ubuntu.com LD_LIBRARY_PATH=/home/linfu/ros2_ws/install/rslidar_msg/lib:${LD_LIBRARY_PATH} PYTHONPATH=/home/linfu/ros2_ws/install/rslidar_msg/lib/python3.12/site-packages:${PYTHONPATH} /usr/bin/cmake --build /home/linfu/ros2_ws/build/rslidar_sdk -- -j20 -l20
[39.895s] DEBUG:colcon.colcon_core.event_handler.log_command:Invoking command in '/home/linfu/ros2_ws/build/rslidar_sdk': AMENT_PREFIX_PATH=/home/linfu/ros2_ws/install/rslidar_msg:${AMENT_PREFIX_PATH} CMAKE_PREFIX_PATH=/home/linfu/ros2_ws/install/rslidar_msg:/home/linfu/catkin_ws/install/rslidar_sdk:/home/linfu/catkin_ws/install/rslidar_msg:/opt/ros/jazzy/opt/gz_math_vendor:/opt/ros/jazzy/opt/gz_utils_vendor:/opt/ros/jazzy/opt/gz_cmake_vendor:/opt/ros/jazzy DEBUGINFOD_URLS=https://debuginfod.ubuntu.com LD_LIBRARY_PATH=/home/linfu/ros2_ws/install/rslidar_msg/lib:${LD_LIBRARY_PATH} PYTHONPATH=/home/linfu/ros2_ws/install/rslidar_msg/lib/python3.12/site-packages:${PYTHONPATH} /usr/bin/cmake --install /home/linfu/ros2_ws/build/rslidar_sdk
[39.912s] Level 1:colcon.colcon_core.environment:create_environment_scripts_only(rslidar_sdk)
[39.913s] Level 1:colcon.colcon_core.environment:checking '/home/linfu/ros2_ws/install/rslidar_sdk' for CMake module files
[39.913s] DEBUG:colcon.colcon_core.event_handler.log_command:Invoked command in '/home/linfu/ros2_ws/build/rslidar_sdk' returned '0': AMENT_PREFIX_PATH=/home/linfu/ros2_ws/install/rslidar_msg:${AMENT_PREFIX_PATH} CMAKE_PREFIX_PATH=/home/linfu/ros2_ws/install/rslidar_msg:/home/linfu/catkin_ws/install/rslidar_sdk:/home/linfu/catkin_ws/install/rslidar_msg:/opt/ros/jazzy/opt/gz_math_vendor:/opt/ros/jazzy/opt/gz_utils_vendor:/opt/ros/jazzy/opt/gz_cmake_vendor:/opt/ros/jazzy DEBUGINFOD_URLS=https://debuginfod.ubuntu.com LD_LIBRARY_PATH=/home/linfu/ros2_ws/install/rslidar_msg/lib:${LD_LIBRARY_PATH} PYTHONPATH=/home/linfu/ros2_ws/install/rslidar_msg/lib/python3.12/site-packages:${PYTHONPATH} /usr/bin/cmake --install /home/linfu/ros2_ws/build/rslidar_sdk
[39.914s] Level 1:colcon.colcon_core.environment:checking '/home/linfu/ros2_ws/install/rslidar_sdk' for CMake config files
[39.914s] Level 1:colcon.colcon_core.shell:create_environment_hook('rslidar_sdk', 'cmake_prefix_path')
[39.914s] INFO:colcon.colcon_core.shell:Creating environment hook '/home/linfu/ros2_ws/install/rslidar_sdk/share/rslidar_sdk/hook/cmake_prefix_path.ps1'
[39.915s] INFO:colcon.colcon_core.shell:Creating environment descriptor '/home/linfu/ros2_ws/install/rslidar_sdk/share/rslidar_sdk/hook/cmake_prefix_path.dsv'
[39.915s] INFO:colcon.colcon_core.shell:Creating environment hook '/home/linfu/ros2_ws/install/rslidar_sdk/share/rslidar_sdk/hook/cmake_prefix_path.sh'
[39.916s] Level 1:colcon.colcon_core.environment:checking '/home/linfu/ros2_ws/install/rslidar_sdk/lib'
[39.916s] Level 1:colcon.colcon_core.environment:checking '/home/linfu/ros2_ws/install/rslidar_sdk/bin'
[39.916s] Level 1:colcon.colcon_core.environment:checking '/home/linfu/ros2_ws/install/rslidar_sdk/lib/pkgconfig/rslidar_sdk.pc'
[39.916s] Level 1:colcon.colcon_core.environment:checking '/home/linfu/ros2_ws/install/rslidar_sdk/lib/python3.12/site-packages'
[39.917s] Level 1:colcon.colcon_core.environment:checking '/home/linfu/ros2_ws/install/rslidar_sdk/bin'
[39.917s] INFO:colcon.colcon_core.shell:Creating package script '/home/linfu/ros2_ws/install/rslidar_sdk/share/rslidar_sdk/package.ps1'
[39.918s] INFO:colcon.colcon_core.shell:Creating package descriptor '/home/linfu/ros2_ws/install/rslidar_sdk/share/rslidar_sdk/package.dsv'
[39.918s] INFO:colcon.colcon_core.shell:Creating package script '/home/linfu/ros2_ws/install/rslidar_sdk/share/rslidar_sdk/package.sh'
[39.919s] INFO:colcon.colcon_core.shell:Creating package script '/home/linfu/ros2_ws/install/rslidar_sdk/share/rslidar_sdk/package.bash'
[39.919s] INFO:colcon.colcon_core.shell:Creating package script '/home/linfu/ros2_ws/install/rslidar_sdk/share/rslidar_sdk/package.zsh'
[39.919s] Level 1:colcon.colcon_core.environment:create_file_with_runtime_dependencies(/home/linfu/ros2_ws/install/rslidar_sdk/share/colcon-core/packages/rslidar_sdk)
[39.920s] Level 1:colcon.colcon_core.environment:create_environment_scripts_only(rslidar_sdk)
[39.920s] Level 1:colcon.colcon_core.environment:checking '/home/linfu/ros2_ws/install/rslidar_sdk' for CMake module files
[39.921s] Level 1:colcon.colcon_core.environment:checking '/home/linfu/ros2_ws/install/rslidar_sdk' for CMake config files
[39.921s] Level 1:colcon.colcon_core.shell:create_environment_hook('rslidar_sdk', 'cmake_prefix_path')
[39.921s] INFO:colcon.colcon_core.shell:Creating environment hook '/home/linfu/ros2_ws/install/rslidar_sdk/share/rslidar_sdk/hook/cmake_prefix_path.ps1'
[39.922s] INFO:colcon.colcon_core.shell:Creating environment descriptor '/home/linfu/ros2_ws/install/rslidar_sdk/share/rslidar_sdk/hook/cmake_prefix_path.dsv'
[39.922s] INFO:colcon.colcon_core.shell:Creating environment hook '/home/linfu/ros2_ws/install/rslidar_sdk/share/rslidar_sdk/hook/cmake_prefix_path.sh'
[39.923s] Level 1:colcon.colcon_core.environment:checking '/home/linfu/ros2_ws/install/rslidar_sdk/lib'
[39.923s] Level 1:colcon.colcon_core.environment:checking '/home/linfu/ros2_ws/install/rslidar_sdk/bin'
[39.923s] Level 1:colcon.colcon_core.environment:checking '/home/linfu/ros2_ws/install/rslidar_sdk/lib/pkgconfig/rslidar_sdk.pc'
[39.923s] Level 1:colcon.colcon_core.environment:checking '/home/linfu/ros2_ws/install/rslidar_sdk/lib/python3.12/site-packages'
[39.923s] Level 1:colcon.colcon_core.environment:checking '/home/linfu/ros2_ws/install/rslidar_sdk/bin'
[39.924s] INFO:colcon.colcon_core.shell:Creating package script '/home/linfu/ros2_ws/install/rslidar_sdk/share/rslidar_sdk/package.ps1'
[39.924s] INFO:colcon.colcon_core.shell:Creating package descriptor '/home/linfu/ros2_ws/install/rslidar_sdk/share/rslidar_sdk/package.dsv'
[39.925s] INFO:colcon.colcon_core.shell:Creating package script '/home/linfu/ros2_ws/install/rslidar_sdk/share/rslidar_sdk/package.sh'
[39.925s] INFO:colcon.colcon_core.shell:Creating package script '/home/linfu/ros2_ws/install/rslidar_sdk/share/rslidar_sdk/package.bash'
[39.926s] INFO:colcon.colcon_core.shell:Creating package script '/home/linfu/ros2_ws/install/rslidar_sdk/share/rslidar_sdk/package.zsh'
[39.926s] Level 1:colcon.colcon_core.environment:create_file_with_runtime_dependencies(/home/linfu/ros2_ws/install/rslidar_sdk/share/colcon-core/packages/rslidar_sdk)
[39.926s] DEBUG:colcon.colcon_parallel_executor.executor.parallel:closing loop
[39.927s] DEBUG:colcon.colcon_parallel_executor.executor.parallel:loop closed
[39.927s] DEBUG:colcon.colcon_parallel_executor.executor.parallel:run_until_complete finished with '0'
[39.927s] DEBUG:colcon.colcon_core.event_reactor:joining thread
[39.935s] INFO:colcon.colcon_core.plugin_system:Skipping extension 'colcon_notification.desktop_notification.terminal_notifier': Not used on non-Darwin systems
[39.935s] INFO:colcon.colcon_core.plugin_system:Skipping extension 'colcon_notification.desktop_notification.win32': Not used on non-Windows systems
[39.935s] INFO:colcon.colcon_notification.desktop_notification:Sending desktop notification using 'notify2'
[39.971s] DEBUG:colcon.colcon_core.event_reactor:joined thread
[39.972s] INFO:colcon.colcon_core.shell:Creating prefix script '/home/linfu/ros2_ws/install/local_setup.ps1'
[39.973s] INFO:colcon.colcon_core.shell:Creating prefix util module '/home/linfu/ros2_ws/install/_local_setup_util_ps1.py'
[39.974s] INFO:colcon.colcon_core.shell:Creating prefix chain script '/home/linfu/ros2_ws/install/setup.ps1'
[39.975s] INFO:colcon.colcon_core.shell:Creating prefix script '/home/linfu/ros2_ws/install/local_setup.sh'
[39.975s] INFO:colcon.colcon_core.shell:Creating prefix util module '/home/linfu/ros2_ws/install/_local_setup_util_sh.py'
[39.976s] INFO:colcon.colcon_core.shell:Creating prefix chain script '/home/linfu/ros2_ws/install/setup.sh'
[39.977s] INFO:colcon.colcon_core.shell:Creating prefix script '/home/linfu/ros2_ws/install/local_setup.bash'
[39.977s] INFO:colcon.colcon_core.shell:Creating prefix chain script '/home/linfu/ros2_ws/install/setup.bash'
[39.978s] INFO:colcon.colcon_core.shell:Creating prefix script '/home/linfu/ros2_ws/install/local_setup.zsh'
[39.979s] INFO:colcon.colcon_core.shell:Creating prefix chain script '/home/linfu/ros2_ws/install/setup.zsh'
