[0.399s] Invoking command in '/home/linfu/ros2_ws/src/cone_planner': DEBUGINFOD_URLS=https://debuginfod.ubuntu.com PYTHONPATH=/home/linfu/ros2_ws/src/cone_planner/build/cone_planner/prefix_override:/usr/lib/python3/dist-packages/colcon_core/task/python/colcon_distutils_commands:/home/linfu/ros2_ws/src/cone_planner/install/cone_planner/lib/python3.12/site-packages:${PYTHONPATH} /usr/bin/python3 -W ignore:setup.py install is deprecated -W ignore:easy_install command is deprecated setup.py egg_info --egg-base build/cone_planner build --build-base /home/linfu/ros2_ws/src/cone_planner/build/cone_planner/build install --record /home/linfu/ros2_ws/src/cone_planner/build/cone_planner/install.log --single-version-externally-managed install_data
[0.531s] running egg_info
[0.539s] writing build/cone_planner/cone_planner.egg-info/PKG-INFO
[0.539s] writing dependency_links to build/cone_planner/cone_planner.egg-info/dependency_links.txt
[0.540s] writing entry points to build/cone_planner/cone_planner.egg-info/entry_points.txt
[0.540s] writing requirements to build/cone_planner/cone_planner.egg-info/requires.txt
[0.540s] writing top-level names to build/cone_planner/cone_planner.egg-info/top_level.txt
[0.557s] reading manifest file 'build/cone_planner/cone_planner.egg-info/SOURCES.txt'
[0.557s] writing manifest file 'build/cone_planner/cone_planner.egg-info/SOURCES.txt'
[0.557s] running build
[0.557s] running build_py
[0.558s] running install
[0.562s] running install_lib
[0.571s] byte-compiling /home/linfu/ros2_ws/src/cone_planner/install/cone_planner/lib/python3.12/site-packages/cone_planner/delaunay_planner_node.py to delaunay_planner_node.cpython-312.pyc
[0.572s] running install_data
[0.572s] running install_egg_info
[0.581s] removing '/home/linfu/ros2_ws/src/cone_planner/install/cone_planner/lib/python3.12/site-packages/cone_planner-0.1.0-py3.12.egg-info' (and everything under it)
[0.582s] Copying build/cone_planner/cone_planner.egg-info to /home/linfu/ros2_ws/src/cone_planner/install/cone_planner/lib/python3.12/site-packages/cone_planner-0.1.0-py3.12.egg-info
[0.582s] running install_scripts
[0.641s] Installing delaunay_planner script to /home/linfu/ros2_ws/src/cone_planner/install/cone_planner/lib/cone_planner
[0.642s] writing list of installed files to '/home/linfu/ros2_ws/src/cone_planner/build/cone_planner/install.log'
[0.658s] Invoked command in '/home/linfu/ros2_ws/src/cone_planner' returned '0': DEBUGINFOD_URLS=https://debuginfod.ubuntu.com PYTHONPATH=/home/linfu/ros2_ws/src/cone_planner/build/cone_planner/prefix_override:/usr/lib/python3/dist-packages/colcon_core/task/python/colcon_distutils_commands:/home/linfu/ros2_ws/src/cone_planner/install/cone_planner/lib/python3.12/site-packages:${PYTHONPATH} /usr/bin/python3 -W ignore:setup.py install is deprecated -W ignore:easy_install command is deprecated setup.py egg_info --egg-base build/cone_planner build --build-base /home/linfu/ros2_ws/src/cone_planner/build/cone_planner/build install --record /home/linfu/ros2_ws/src/cone_planner/build/cone_planner/install.log --single-version-externally-managed install_data
