[0.016s] Invoking command in '/home/linfu/ros2_ws/build/rslidar_sdk': CMAKE_PREFIX_PATH=/home/linfu/ros2_ws/install/rslidar_msg:/home/linfu/ros2_ws/install/rslidar_sdk:/home/linfu/ros2_ws/install/cone_detector:/home/linfu/catkin_ws/install/rslidar_sdk:/home/linfu/catkin_ws/install/rslidar_msg:/opt/ros/jazzy/opt/gz_math_vendor:/opt/ros/jazzy/opt/gz_utils_vendor:/opt/ros/jazzy/opt/gz_cmake_vendor:/opt/ros/jazzy DEBUGINFOD_URLS=https://debuginfod.ubuntu.com /usr/bin/cmake --build /home/linfu/ros2_ws/build/rslidar_sdk -- -j20 -l20
[0.117s] [100%] Built target rslidar_sdk_node
[0.134s] Invoked command in '/home/linfu/ros2_ws/build/rslidar_sdk' returned '0': CMAKE_PREFIX_PATH=/home/linfu/ros2_ws/install/rslidar_msg:/home/linfu/ros2_ws/install/rslidar_sdk:/home/linfu/ros2_ws/install/cone_detector:/home/linfu/catkin_ws/install/rslidar_sdk:/home/linfu/catkin_ws/install/rslidar_msg:/opt/ros/jazzy/opt/gz_math_vendor:/opt/ros/jazzy/opt/gz_utils_vendor:/opt/ros/jazzy/opt/gz_cmake_vendor:/opt/ros/jazzy DEBUGINFOD_URLS=https://debuginfod.ubuntu.com /usr/bin/cmake --build /home/linfu/ros2_ws/build/rslidar_sdk -- -j20 -l20
[0.136s] Invoking command in '/home/linfu/ros2_ws/build/rslidar_sdk': CMAKE_PREFIX_PATH=/home/linfu/ros2_ws/install/rslidar_msg:/home/linfu/ros2_ws/install/rslidar_sdk:/home/linfu/ros2_ws/install/cone_detector:/home/linfu/catkin_ws/install/rslidar_sdk:/home/linfu/catkin_ws/install/rslidar_msg:/opt/ros/jazzy/opt/gz_math_vendor:/opt/ros/jazzy/opt/gz_utils_vendor:/opt/ros/jazzy/opt/gz_cmake_vendor:/opt/ros/jazzy DEBUGINFOD_URLS=https://debuginfod.ubuntu.com /usr/bin/cmake --install /home/linfu/ros2_ws/build/rslidar_sdk
[0.147s] -- Install configuration: "Release"
[0.148s] -- Up-to-date: /home/linfu/ros2_ws/install/rslidar_sdk/lib/rslidar_sdk/rslidar_sdk_node
[0.148s] -- Up-to-date: /home/linfu/ros2_ws/install/rslidar_sdk/share/rslidar_sdk/launch
[0.148s] -- Up-to-date: /home/linfu/ros2_ws/install/rslidar_sdk/share/rslidar_sdk/launch/start.py
[0.148s] -- Up-to-date: /home/linfu/ros2_ws/install/rslidar_sdk/share/rslidar_sdk/launch/elequent_start.py
[0.148s] -- Up-to-date: /home/linfu/ros2_ws/install/rslidar_sdk/share/rslidar_sdk/launch/humble_start.py
[0.148s] -- Up-to-date: /home/linfu/ros2_ws/install/rslidar_sdk/share/rslidar_sdk/launch/start.launch
[0.148s] -- Up-to-date: /home/linfu/ros2_ws/install/rslidar_sdk/share/rslidar_sdk/rviz
[0.148s] -- Up-to-date: /home/linfu/ros2_ws/install/rslidar_sdk/share/rslidar_sdk/rviz/rviz2.rviz
[0.148s] -- Up-to-date: /home/linfu/ros2_ws/install/rslidar_sdk/share/rslidar_sdk/rviz/rviz.rviz
[0.148s] -- Up-to-date: /home/linfu/ros2_ws/install/rslidar_sdk/share/ament_index/resource_index/package_run_dependencies/rslidar_sdk
[0.148s] -- Up-to-date: /home/linfu/ros2_ws/install/rslidar_sdk/share/ament_index/resource_index/parent_prefix_path/rslidar_sdk
[0.149s] -- Up-to-date: /home/linfu/ros2_ws/install/rslidar_sdk/share/rslidar_sdk/environment/ament_prefix_path.sh
[0.149s] -- Up-to-date: /home/linfu/ros2_ws/install/rslidar_sdk/share/rslidar_sdk/environment/ament_prefix_path.dsv
[0.149s] -- Up-to-date: /home/linfu/ros2_ws/install/rslidar_sdk/share/rslidar_sdk/environment/path.sh
[0.149s] -- Up-to-date: /home/linfu/ros2_ws/install/rslidar_sdk/share/rslidar_sdk/environment/path.dsv
[0.149s] -- Up-to-date: /home/linfu/ros2_ws/install/rslidar_sdk/share/rslidar_sdk/local_setup.bash
[0.149s] -- Up-to-date: /home/linfu/ros2_ws/install/rslidar_sdk/share/rslidar_sdk/local_setup.sh
[0.149s] -- Up-to-date: /home/linfu/ros2_ws/install/rslidar_sdk/share/rslidar_sdk/local_setup.zsh
[0.149s] -- Up-to-date: /home/linfu/ros2_ws/install/rslidar_sdk/share/rslidar_sdk/local_setup.dsv
[0.149s] -- Installing: /home/linfu/ros2_ws/install/rslidar_sdk/share/rslidar_sdk/package.dsv
[0.149s] -- Up-to-date: /home/linfu/ros2_ws/install/rslidar_sdk/share/ament_index/resource_index/packages/rslidar_sdk
[0.149s] -- Up-to-date: /home/linfu/ros2_ws/install/rslidar_sdk/share/rslidar_sdk/cmake/rslidar_sdkConfig.cmake
[0.149s] -- Up-to-date: /home/linfu/ros2_ws/install/rslidar_sdk/share/rslidar_sdk/cmake/rslidar_sdkConfig-version.cmake
[0.149s] -- Up-to-date: /home/linfu/ros2_ws/install/rslidar_sdk/share/rslidar_sdk/package.xml
[0.152s] Invoked command in '/home/linfu/ros2_ws/build/rslidar_sdk' returned '0': CMAKE_PREFIX_PATH=/home/linfu/ros2_ws/install/rslidar_msg:/home/linfu/ros2_ws/install/rslidar_sdk:/home/linfu/ros2_ws/install/cone_detector:/home/linfu/catkin_ws/install/rslidar_sdk:/home/linfu/catkin_ws/install/rslidar_msg:/opt/ros/jazzy/opt/gz_math_vendor:/opt/ros/jazzy/opt/gz_utils_vendor:/opt/ros/jazzy/opt/gz_cmake_vendor:/opt/ros/jazzy DEBUGINFOD_URLS=https://debuginfod.ubuntu.com /usr/bin/cmake --install /home/linfu/ros2_ws/build/rslidar_sdk
