[ 50%] [32mBuilding CXX object CMakeFiles/cone_detector_node.dir/src/cone_detector_node.cpp.o[0m
[100%] [32m[1mLinking CXX executable cone_detector_node[0m
[100%] Built target cone_detector_node
-- Install configuration: ""
-- Installing: /home/linfu/ros2_ws/install/cone_detector/lib/cone_detector/cone_detector_node
-- Set non-toolchain portion of runtime path of "/home/linfu/ros2_ws/install/cone_detector/lib/cone_detector/cone_detector_node" to ""
-- Up-to-date: /home/linfu/ros2_ws/install/cone_detector/share/cone_detector/launch
-- Installing: /home/linfu/ros2_ws/install/cone_detector/share/cone_detector/launch/cone_detector.launch.py
-- Up-to-date: /home/linfu/ros2_ws/install/cone_detector/share/cone_detector/config
-- Installing: /home/linfu/ros2_ws/install/cone_detector/share/cone_detector/config/params.yaml
-- Installing: /home/linfu/ros2_ws/install/cone_detector/share/ament_index/resource_index/package_run_dependencies/cone_detector
-- Up-to-date: /home/linfu/ros2_ws/install/cone_detector/share/ament_index/resource_index/parent_prefix_path/cone_detector
-- Up-to-date: /home/linfu/ros2_ws/install/cone_detector/share/cone_detector/environment/ament_prefix_path.sh
-- Up-to-date: /home/linfu/ros2_ws/install/cone_detector/share/cone_detector/environment/ament_prefix_path.dsv
-- Up-to-date: /home/linfu/ros2_ws/install/cone_detector/share/cone_detector/environment/path.sh
-- Up-to-date: /home/linfu/ros2_ws/install/cone_detector/share/cone_detector/environment/path.dsv
-- Up-to-date: /home/linfu/ros2_ws/install/cone_detector/share/cone_detector/local_setup.bash
-- Up-to-date: /home/linfu/ros2_ws/install/cone_detector/share/cone_detector/local_setup.sh
-- Up-to-date: /home/linfu/ros2_ws/install/cone_detector/share/cone_detector/local_setup.zsh
-- Up-to-date: /home/linfu/ros2_ws/install/cone_detector/share/cone_detector/local_setup.dsv
-- Installing: /home/linfu/ros2_ws/install/cone_detector/share/cone_detector/package.dsv
-- Up-to-date: /home/linfu/ros2_ws/install/cone_detector/share/ament_index/resource_index/packages/cone_detector
-- Up-to-date: /home/linfu/ros2_ws/install/cone_detector/share/cone_detector/cmake/cone_detectorConfig.cmake
-- Up-to-date: /home/linfu/ros2_ws/install/cone_detector/share/cone_detector/cmake/cone_detectorConfig-version.cmake
-- Installing: /home/linfu/ros2_ws/install/cone_detector/share/cone_detector/package.xml
