[0.008s] Invoking command in '/home/linfu/ros2_ws/build/cone_detector': CMAKE_PREFIX_PATH=${CMAKE_PREFIX_PATH}:/opt/ros/jazzy DEBUGINFOD_URLS=https://debuginfod.ubuntu.com /usr/bin/cmake --build /home/linfu/ros2_ws/build/cone_detector -- -j20 -l20
[0.081s] [ 50%] [32mBuilding CXX object CMakeFiles/cone_detector_node.dir/src/cone_detector_node.cpp.o[0m
[13.154s] [100%] [32m[1mLinking CXX executable cone_detector_node[0m
[14.855s] [100%] Built target cone_detector_node
[14.867s] Invoked command in '/home/linfu/ros2_ws/build/cone_detector' returned '0': CMAKE_PREFIX_PATH=${CMAKE_PREFIX_PATH}:/opt/ros/jazzy DEBUGINFOD_URLS=https://debuginfod.ubuntu.com /usr/bin/cmake --build /home/linfu/ros2_ws/build/cone_detector -- -j20 -l20
[14.868s] Invoking command in '/home/linfu/ros2_ws/build/cone_detector': CMAKE_PREFIX_PATH=${CMAKE_PREFIX_PATH}:/opt/ros/jazzy DEBUGINFOD_URLS=https://debuginfod.ubuntu.com /usr/bin/cmake --install /home/linfu/ros2_ws/build/cone_detector
[14.874s] -- Install configuration: ""
[14.874s] -- Installing: /home/linfu/ros2_ws/install/cone_detector/lib/cone_detector/cone_detector_node
[14.878s] -- Set non-toolchain portion of runtime path of "/home/linfu/ros2_ws/install/cone_detector/lib/cone_detector/cone_detector_node" to ""
[14.878s] -- Up-to-date: /home/linfu/ros2_ws/install/cone_detector/share/cone_detector/launch
[14.878s] -- Installing: /home/linfu/ros2_ws/install/cone_detector/share/cone_detector/launch/cone_detector.launch.py
[14.878s] -- Up-to-date: /home/linfu/ros2_ws/install/cone_detector/share/cone_detector/config
[14.878s] -- Installing: /home/linfu/ros2_ws/install/cone_detector/share/cone_detector/config/params.yaml
[14.878s] -- Installing: /home/linfu/ros2_ws/install/cone_detector/share/ament_index/resource_index/package_run_dependencies/cone_detector
[14.878s] -- Up-to-date: /home/linfu/ros2_ws/install/cone_detector/share/ament_index/resource_index/parent_prefix_path/cone_detector
[14.878s] -- Up-to-date: /home/linfu/ros2_ws/install/cone_detector/share/cone_detector/environment/ament_prefix_path.sh
[14.878s] -- Up-to-date: /home/linfu/ros2_ws/install/cone_detector/share/cone_detector/environment/ament_prefix_path.dsv
[14.878s] -- Up-to-date: /home/linfu/ros2_ws/install/cone_detector/share/cone_detector/environment/path.sh
[14.878s] -- Up-to-date: /home/linfu/ros2_ws/install/cone_detector/share/cone_detector/environment/path.dsv
[14.878s] -- Up-to-date: /home/linfu/ros2_ws/install/cone_detector/share/cone_detector/local_setup.bash
[14.878s] -- Up-to-date: /home/linfu/ros2_ws/install/cone_detector/share/cone_detector/local_setup.sh
[14.878s] -- Up-to-date: /home/linfu/ros2_ws/install/cone_detector/share/cone_detector/local_setup.zsh
[14.878s] -- Up-to-date: /home/linfu/ros2_ws/install/cone_detector/share/cone_detector/local_setup.dsv
[14.878s] -- Installing: /home/linfu/ros2_ws/install/cone_detector/share/cone_detector/package.dsv
[14.878s] -- Up-to-date: /home/linfu/ros2_ws/install/cone_detector/share/ament_index/resource_index/packages/cone_detector
[14.878s] -- Up-to-date: /home/linfu/ros2_ws/install/cone_detector/share/cone_detector/cmake/cone_detectorConfig.cmake
[14.878s] -- Up-to-date: /home/linfu/ros2_ws/install/cone_detector/share/cone_detector/cmake/cone_detectorConfig-version.cmake
[14.878s] -- Installing: /home/linfu/ros2_ws/install/cone_detector/share/cone_detector/package.xml
[14.880s] Invoked command in '/home/linfu/ros2_ws/build/cone_detector' returned '0': CMAKE_PREFIX_PATH=${CMAKE_PREFIX_PATH}:/opt/ros/jazzy DEBUGINFOD_URLS=https://debuginfod.ubuntu.com /usr/bin/cmake --install /home/linfu/ros2_ws/build/cone_detector
